Archive member included to satisfy reference by file (symbol)

C:/Program Files/SEGGER/SEGGER Embedded Studio for ARM 4.52c/lib/libm_v7em_fpv4_sp_d16_hard_t_le_eabi.a(libm_asm.o)
                              Output/hts221_sensor_pca10056 Debug/Obj/main.o (__aeabi_dadd)
C:/Program Files/SEGGER/SEGGER Embedded Studio for ARM 4.52c/lib/libc_v7em_fpv4_sp_d16_hard_t_le_eabi.a(libc2.o)
                              Output/hts221_sensor_pca10056 Debug/Obj/nrf_log_str_formatter.o (isprint)
C:/Program Files/SEGGER/SEGGER Embedded Studio for ARM 4.52c/lib/libc_v7em_fpv4_sp_d16_hard_t_le_eabi.a(libc2_asm.o)
                              Output/hts221_sensor_pca10056 Debug/Obj/nrf_log_frontend.o (memcpy)
C:/Program Files/SEGGER/SEGGER Embedded Studio for ARM 4.52c/lib/libc_v7em_fpv4_sp_d16_hard_t_le_eabi.a(libc.o)
                              C:/Program Files/SEGGER/SEGGER Embedded Studio for ARM 4.52c/lib/libc_v7em_fpv4_sp_d16_hard_t_le_eabi.a(libc2.o) (__heap_lock)
C:/Program Files/SEGGER/SEGGER Embedded Studio for ARM 4.52c/lib/libc_v7em_fpv4_sp_d16_hard_t_le_eabi.a(libc_asm.o)
                              C:/Program Files/SEGGER/SEGGER Embedded Studio for ARM 4.52c/lib/libc_v7em_fpv4_sp_d16_hard_t_le_eabi.a(libc2.o) (__aeabi_uldivmod)
C:/Program Files/SEGGER/SEGGER Embedded Studio for ARM 4.52c/lib/libdebugio_v7em_fpv4_sp_d16_hard_t_le_eabi.a(libdebugio.o)
                              Output/hts221_sensor_pca10056 Debug/Obj/thumb_crt0.o (debug_fopen)
C:/Program Files/SEGGER/SEGGER Embedded Studio for ARM 4.52c/lib/libdebugio_mempoll_v7em_fpv4_sp_d16_hard_t_le_eabi.a(mempoll_debug_operations.o)
                              C:/Program Files/SEGGER/SEGGER Embedded Studio for ARM 4.52c/lib/libdebugio_v7em_fpv4_sp_d16_hard_t_le_eabi.a(libdebugio.o) (__do_debug_operation)
C:/Program Files/SEGGER/SEGGER Embedded Studio for ARM 4.52c/lib/libdebugio_mempoll_v7em_fpv4_sp_d16_hard_t_le_eabi.a(do_nv_debug_operation.o)
                              C:/Program Files/SEGGER/SEGGER Embedded Studio for ARM 4.52c/lib/libdebugio_v7em_fpv4_sp_d16_hard_t_le_eabi.a(libdebugio.o) (__do_nvdebug_operation)
C:/Program Files/SEGGER/SEGGER Embedded Studio for ARM 4.52c/lib/libm_v7em_fpv4_sp_d16_hard_t_le_eabi.a(libm2.o)
                              C:/Program Files/SEGGER/SEGGER Embedded Studio for ARM 4.52c/lib/libvfprintf_v7em_fpv4_sp_d16_hard_t_le_eabi.o (frexp)

Discarded input sections

 .text          0x0000000000000000        0x0 Output/hts221_sensor_pca10056 Debug/Obj/thumb_crt0.o
 .data          0x0000000000000000        0x0 Output/hts221_sensor_pca10056 Debug/Obj/thumb_crt0.o
 .bss           0x0000000000000000        0x0 Output/hts221_sensor_pca10056 Debug/Obj/thumb_crt0.o
 .text.__aeabi_read_tp
                0x0000000000000000        0x8 Output/hts221_sensor_pca10056 Debug/Obj/thumb_crt0.o
 .text.abort    0x0000000000000000        0x2 Output/hts221_sensor_pca10056 Debug/Obj/thumb_crt0.o
 .text.__assert
                0x0000000000000000        0x2 Output/hts221_sensor_pca10056 Debug/Obj/thumb_crt0.o
 .text.__assert_func
                0x0000000000000000        0x2 Output/hts221_sensor_pca10056 Debug/Obj/thumb_crt0.o
 .text.__aeabi_assert
                0x0000000000000000        0x2 Output/hts221_sensor_pca10056 Debug/Obj/thumb_crt0.o
 .text.__sync_synchronize
                0x0000000000000000        0x2 Output/hts221_sensor_pca10056 Debug/Obj/thumb_crt0.o
 .text.__getchar
                0x0000000000000000        0x4 Output/hts221_sensor_pca10056 Debug/Obj/thumb_crt0.o
 .text.__putchar
                0x0000000000000000        0x4 Output/hts221_sensor_pca10056 Debug/Obj/thumb_crt0.o
 .text.__open   0x0000000000000000        0x4 Output/hts221_sensor_pca10056 Debug/Obj/thumb_crt0.o
 .text.__close  0x0000000000000000        0x4 Output/hts221_sensor_pca10056 Debug/Obj/thumb_crt0.o
 .text.__write  0x0000000000000000        0xa Output/hts221_sensor_pca10056 Debug/Obj/thumb_crt0.o
 .text.__read   0x0000000000000000        0xa Output/hts221_sensor_pca10056 Debug/Obj/thumb_crt0.o
 .text.__seek   0x0000000000000000       0x1a Output/hts221_sensor_pca10056 Debug/Obj/thumb_crt0.o
 .bss.__user_locale_name_buffer
                0x0000000000000000        0x4 Output/hts221_sensor_pca10056 Debug/Obj/thumb_crt0.o
 .stack         0x0000000000000000        0x0 Output/hts221_sensor_pca10056 Debug/Obj/thumb_crt0.o
 .stack_process
                0x0000000000000000        0x0 Output/hts221_sensor_pca10056 Debug/Obj/thumb_crt0.o
 .heap          0x0000000000000000        0x0 Output/hts221_sensor_pca10056 Debug/Obj/thumb_crt0.o
 .group         0x0000000000000000        0xc Output/hts221_sensor_pca10056 Debug/Obj/nrf_log_backend_rtt.o
 .group         0x0000000000000000        0xc Output/hts221_sensor_pca10056 Debug/Obj/nrf_log_backend_rtt.o
 .group         0x0000000000000000        0xc Output/hts221_sensor_pca10056 Debug/Obj/nrf_log_backend_rtt.o
[...]
Memory Configuration

Name             Origin             Length             Attributes
UNPLACED_SECTIONS 0x0000000100000000 0x0000000000000000 xw
RAM              0x0000000020000000 0x0000000000040000 xw
FLASH            0x0000000000000000 0x0000000000100000 xw
*default*        0x0000000000000000 0xffffffffffffffff

Linker script and memory map

                0x0000000000000000                __vfprintf = __vfprintf_long
                0x0000000000000000                __vfscanf = __vfscanf_long
                0x0000000020000000                __RAM_segment_start__ = 0x20000000
                0x0000000020040000                __RAM_segment_end__ = 0x20040000
                0x0000000000040000                __RAM_segment_size__ = 0x40000
                0x0000000000000000                __FLASH_segment_start__ = 0x0
                0x0000000000100000                __FLASH_segment_end__ = 0x100000
                0x0000000000100000                __FLASH_segment_size__ = 0x100000
                0x0000000000002000                __HEAPSIZE__ = 0x2000
                0x0000000000000000                __STACKSIZE_PROCESS__ = 0x0
                0x0000000000002000                __STACKSIZE__ = 0x2000
                0x0000000020000000                __vectors_ram_load_start__ = 0x20000000

.vectors_ram    0x0000000020000000        0x0
                0x0000000020000000                __vectors_ram_start__ = .
                0x0000000020000000                __app_ram_start__ = __vectors_ram_start__
 *(.vectors_ram .vectors_ram.*)
                0x0000000020000000                __vectors_ram_end__ = (__vectors_ram_start__ + SIZEOF (.vectors_ram))
                0x0000000000000000                __vectors_ram_size__ = SIZEOF (.vectors_ram)
                0x0000000020000000                __vectors_ram_load_end__ = __vectors_ram_end__
                0x0000000000000001                . = ASSERT (((__vectors_ram_start__ == __vectors_ram_end__) || ((__vectors_ram_end__ - __RAM_segment_start__) <= __RAM_segment_size__)), error: .vectors_ram is too large to fit in RAM memory segment)
                0x0000000020000000                __nrf_sections_run_load_start__ = ALIGN (__vectors_ram_end__, 0x4)

.nrf_sections_run
                0x0000000020000000        0x0
                0x0000000020000000                __nrf_sections_run_start__ = .
                0x0000000020000000                __start_nrf_sections_run = __nrf_sections_run_start__
 *(.nrf_sections_run .nrf_sections_run.*)
                0x0000000020000000                __nrf_sections_run_end__ = (__nrf_sections_run_start__ + SIZEOF (.nrf_sections_run))
                0x0000000000000000                __nrf_sections_run_size__ = SIZEOF (.nrf_sections_run)
                0x0000000020000000                __nrf_sections_run_load_end__ = __nrf_sections_run_end__
                0x0000000000000001                . = ASSERT (((__nrf_sections_run_start__ == __nrf_sections_run_end__) || ((__nrf_sections_run_end__ - __RAM_segment_start__) <= __RAM_segment_size__)), error: .nrf_sections_run is too large to fit in RAM memory segment)
                0x0000000000000000                __vectors_load_start__ = 0x0

.vectors        0x0000000000000000      0x200
                0x0000000000000000                __vectors_start__ = .
 *(.vectors .vectors.*)
 .vectors       0x0000000000000000      0x200 Output/hts221_sensor_pca10056 Debug/Obj/ses_startup_nrf52840.o
                0x0000000000000000                _vectors
                0x0000000000000200                __vectors_end__ = (__vectors_start__ + SIZEOF (.vectors))
                0x0000000000000200                __vectors_size__ = SIZEOF (.vectors)
                0x0000000000000200                __vectors_load_end__ = __vectors_end__
                0x0000000000000001                . = ASSERT (((__vectors_start__ == __vectors_end__) || ((__vectors_end__ - __FLASH_segment_start__) <= __FLASH_segment_size__)), error: .vectors is too large to fit in FLASH memory segment)
                0x0000000000000200                __init_load_start__ = ALIGN (__vectors_end__, 0x4)

.init           0x0000000000000200      0x1d0
                0x0000000000000200                __init_start__ = .
 *(.init .init.*)
 .init          0x0000000000000200      0x15c Output/hts221_sensor_pca10056 Debug/Obj/thumb_crt0.o
                0x0000000000000200                _start
                0x00000000000002b4                exit
 .init          0x000000000000035c       0x18 Output/hts221_sensor_pca10056 Debug/Obj/ses_startup_nrf52840.o
                0x000000000000035c                NMI_Handler
                0x000000000000035e                HardFault_Handler
                0x0000000000000360                MemoryManagement_Handler
                0x0000000000000362                BusFault_Handler
                0x0000000000000364                UsageFault_Handler
                0x0000000000000366                SVC_Handler
                0x0000000000000368                DebugMon_Handler
                0x000000000000036a                PendSV_Handler
                0x000000000000036c                SysTick_Handler
                0x000000000000036e                PWM1_IRQHandler
                0x000000000000036e                GPIOTE_IRQHandler
                0x000000000000036e                RTC0_IRQHandler
                0x000000000000036e                POWER_CLOCK_IRQHandler
                0x000000000000036e                RADIO_IRQHandler
                0x000000000000036e                PDM_IRQHandler
                0x000000000000036e                TEMP_IRQHandler
                0x000000000000036e                QDEC_IRQHandler
                0x000000000000036e                TIMER3_IRQHandler
                0x000000000000036e                PWM3_IRQHandler
                0x000000000000036e                FPU_IRQHandler
                0x000000000000036e                USBD_IRQHandler
                0x000000000000036e                QSPI_IRQHandler
                0x000000000000036e                TIMER4_IRQHandler
                0x000000000000036e                CRYPTOCELL_IRQHandler
                0x000000000000036e                SWI2_EGU2_IRQHandler
                0x000000000000036e                SWI4_EGU4_IRQHandler
                0x000000000000036e                TIMER0_IRQHandler
                0x000000000000036e                UARTE1_IRQHandler
                0x000000000000036e                Dummy_Handler
                0x000000000000036e                TIMER1_IRQHandler
                0x000000000000036e                SPIM3_IRQHandler
                0x000000000000036e                PWM2_IRQHandler
                0x000000000000036e                ECB_IRQHandler
                0x000000000000036e                SPIM1_SPIS1_TWIM1_TWIS1_SPI1_TWI1_IRQHandler
                0x000000000000036e                SAADC_IRQHandler
                0x000000000000036e                CCM_AAR_IRQHandler
                0x000000000000036e                WDT_IRQHandler
                0x000000000000036e                SWI0_EGU0_IRQHandler
                0x000000000000036e                SWI5_EGU5_IRQHandler
                0x000000000000036e                RNG_IRQHandler
                0x000000000000036e                RTC2_IRQHandler
                0x000000000000036e                PWM0_IRQHandler
                0x000000000000036e                SWI3_EGU3_IRQHandler
                0x000000000000036e                RTC1_IRQHandler
                0x000000000000036e                SWI1_EGU1_IRQHandler
                0x000000000000036e                SPIM2_SPIS2_SPI2_IRQHandler
                0x000000000000036e                NFCT_IRQHandler
                0x000000000000036e                I2S_IRQHandler
                0x000000000000036e                MWU_IRQHandler
                0x000000000000036e                TIMER2_IRQHandler
                0x000000000000036e                COMP_LPCOMP_IRQHandler
                0x0000000000000370                nRFInitialize
 .init          0x0000000000000374       0x5c Output/hts221_sensor_pca10056 Debug/Obj/ses_startup_nrf_common.o
                0x0000000000000374                Reset_Handler
                0x0000000000000378                afterInitialize
                0x000000000000039c                InitializeUserMemorySections
                0x00000000000003d0                __init_end__ = (__init_start__ + SIZEOF (.init))
                0x00000000000001d0                __init_size__ = SIZEOF (.init)
                0x00000000000003d0                __init_load_end__ = __init_end__
                0x0000000000000001                . = ASSERT (((__init_start__ == __init_end__) || ((__init_end__ - __FLASH_segment_start__) <= __FLASH_segment_size__)), error: .init is too large to fit in FLASH memory segment)
                0x00000000000003d0                __init_rodata_load_start__ = ALIGN (__init_end__, 0x4)

.init_rodata    0x00000000000003d0        0x0
                0x00000000000003d0                __init_rodata_start__ = .
 *(.init_rodata .init_rodata.*)
                0x00000000000003d0                __init_rodata_end__ = (__init_rodata_start__ + SIZEOF (.init_rodata))
                0x0000000000000000                __init_rodata_size__ = SIZEOF (.init_rodata)
                0x00000000000003d0                __init_rodata_load_end__ = __init_rodata_end__
                0x0000000000000001                . = ASSERT (((__init_rodata_start__ == __init_rodata_end__) || ((__init_rodata_end__ - __FLASH_segment_start__) <= __FLASH_segment_size__)), error: .init_rodata is too large to fit in FLASH memory segment)
                0x00000000000003d0                __text_load_start__ = ALIGN (__init_rodata_end__, 0x4)

.text           0x00000000000003d0     0x6f9c
                0x00000000000003d0                __text_start__ = .
 *(.text .text.* .glue_7t .glue_7 .gnu.linkonce.t.* .gcc_except_table .ARM.extab* .gnu.linkonce.armextab.*)
 .glue_7        0x00000000000003d0        0x0 linker stubs
 .glue_7t       0x00000000000003d0        0x0 linker stubs
 .text.nrf_log_backend_serial_put
                0x00000000000003d0      0x124 Output/hts221_sensor_pca10056 Debug/Obj/nrf_log_backend_serial.o
                0x00000000000003d0                nrf_log_backend_serial_put
 .text.nrf_drv_uart_uninit
                0x00000000000004f4       0x44 Output/hts221_sensor_pca10056 Debug/Obj/nrf_log_backend_uart.o
 .text.nrf_drv_uart_tx
                0x0000000000000538       0x64 Output/hts221_sensor_pca10056 Debug/Obj/nrf_log_backend_uart.o
 .text.uart_evt_handler
                0x000000000000059c       0x18 Output/hts221_sensor_pca10056 Debug/Obj/nrf_log_backend_uart.o
 .text.uart_init
                0x00000000000005b4       0x88 Output/hts221_sensor_pca10056 Debug/Obj/nrf_log_backend_uart.o
 .text.nrf_log_backend_uart_init
                0x000000000000063c       0x1c Output/hts221_sensor_pca10056 Debug/Obj/nrf_log_backend_uart.o
                0x000000000000063c                nrf_log_backend_uart_init
 .text.serial_tx
                0x0000000000000658       0x6c Output/hts221_sensor_pca10056 Debug/Obj/nrf_log_backend_uart.o
 .text.nrf_log_backend_uart_put
                0x00000000000006c4       0x28 Output/hts221_sensor_pca10056 Debug/Obj/nrf_log_backend_uart.o
 .text.nrf_log_backend_uart_flush
                0x00000000000006ec        0xa Output/hts221_sensor_pca10056 Debug/Obj/nrf_log_backend_uart.o
 *fill*         0x00000000000006f6        0x2 
 .text.nrf_log_backend_uart_panic_set
                0x00000000000006f8       0x20 Output/hts221_sensor_pca10056 Debug/Obj/nrf_log_backend_uart.o
 .text.nrf_log_backend_enable
                0x0000000000000718       0x12 Output/hts221_sensor_pca10056 Debug/Obj/nrf_log_default_backends.o
 *fill*         0x000000000000072a        0x2 
 .text.nrf_log_default_backends_init
                0x000000000000072c       0x3c Output/hts221_sensor_pca10056 Debug/Obj/nrf_log_default_backends.o
                0x000000000000072c                nrf_log_default_backends_init
 .text.nrf_log_backend_put
                0x0000000000000768       0x1c Output/hts221_sensor_pca10056 Debug/Obj/nrf_log_frontend.o
 .text.nrf_log_backend_panic_set
                0x0000000000000784       0x18 Output/hts221_sensor_pca10056 Debug/Obj/nrf_log_frontend.o
 .text.nrf_log_backend_flush
                0x000000000000079c       0x18 Output/hts221_sensor_pca10056 Debug/Obj/nrf_log_frontend.o
 .text.nrf_log_backend_id_set
                0x00000000000007b4       0x1a Output/hts221_sensor_pca10056 Debug/Obj/nrf_log_frontend.o
 .text.nrf_log_backend_id_get
                0x00000000000007ce       0x10 Output/hts221_sensor_pca10056 Debug/Obj/nrf_log_frontend.o
 .text.nrf_log_backend_enable
                0x00000000000007de       0x12 Output/hts221_sensor_pca10056 Debug/Obj/nrf_log_frontend.o
 .text.nrf_log_backend_is_enabled
                0x00000000000007f0       0x10 Output/hts221_sensor_pca10056 Debug/Obj/nrf_log_frontend.o
 .text.nrf_log_init
                0x0000000000000800       0x50 Output/hts221_sensor_pca10056 Debug/Obj/nrf_log_frontend.o
                0x0000000000000800                nrf_log_init
 .text.nrf_log_module_cnt_get
                0x0000000000000850       0x14 Output/hts221_sensor_pca10056 Debug/Obj/nrf_log_frontend.o
                0x0000000000000850                nrf_log_module_cnt_get
 .text.module_idx_get
                0x0000000000000864       0x64 Output/hts221_sensor_pca10056 Debug/Obj/nrf_log_frontend.o
 .text.nrf_log_module_name_get
                0x00000000000008c8       0x40 Output/hts221_sensor_pca10056 Debug/Obj/nrf_log_frontend.o
                0x00000000000008c8                nrf_log_module_name_get
 .text.nrf_log_color_id_get
                0x0000000000000908       0x70 Output/hts221_sensor_pca10056 Debug/Obj/nrf_log_frontend.o
                0x0000000000000908                nrf_log_color_id_get
 .text.invalid_packets_omit
                0x0000000000000978       0x6e Output/hts221_sensor_pca10056 Debug/Obj/nrf_log_frontend.o
 *fill*         0x00000000000009e6        0x2 
 .text.log_skip
                0x00000000000009e8      0x118 Output/hts221_sensor_pca10056 Debug/Obj/nrf_log_frontend.o
 .text.dropped_sat16_get
                0x0000000000000b00       0x28 Output/hts221_sensor_pca10056 Debug/Obj/nrf_log_frontend.o
 .text.std_header_set
                0x0000000000000b28       0xb4 Output/hts221_sensor_pca10056 Debug/Obj/nrf_log_frontend.o
 .text.buf_prealloc
                0x0000000000000bdc      0x128 Output/hts221_sensor_pca10056 Debug/Obj/nrf_log_frontend.o
 .text.std_n    0x0000000000000d04       0x94 Output/hts221_sensor_pca10056 Debug/Obj/nrf_log_frontend.o
 .text.nrf_log_frontend_std_0
                0x0000000000000d98       0x1c Output/hts221_sensor_pca10056 Debug/Obj/nrf_log_frontend.o
                0x0000000000000d98                nrf_log_frontend_std_0
 .text.nrf_log_frontend_std_1
                0x0000000000000db4       0x22 Output/hts221_sensor_pca10056 Debug/Obj/nrf_log_frontend.o
                0x0000000000000db4                nrf_log_frontend_std_1
 .text.nrf_log_frontend_std_2
                0x0000000000000dd6       0x28 Output/hts221_sensor_pca10056 Debug/Obj/nrf_log_frontend.o
                0x0000000000000dd6                nrf_log_frontend_std_2
 .text.nrf_log_frontend_std_3
                0x0000000000000dfe       0x2c Output/hts221_sensor_pca10056 Debug/Obj/nrf_log_frontend.o
                0x0000000000000dfe                nrf_log_frontend_std_3
 .text.nrf_log_frontend_std_5
                0x0000000000000e2a       0x34 Output/hts221_sensor_pca10056 Debug/Obj/nrf_log_frontend.o
                0x0000000000000e2a                nrf_log_frontend_std_5
 *fill*         0x0000000000000e5e        0x2 
 .text.buffer_is_empty
                0x0000000000000e60       0x1c Output/hts221_sensor_pca10056 Debug/Obj/nrf_log_frontend.o
                0x0000000000000e60                buffer_is_empty
 .text.nrf_log_frontend_dequeue
                0x0000000000000e7c      0x3a0 Output/hts221_sensor_pca10056 Debug/Obj/nrf_log_frontend.o
                0x0000000000000e7c                nrf_log_frontend_dequeue
 .text.backend_id_assign
                0x000000000000121c       0x68 Output/hts221_sensor_pca10056 Debug/Obj/nrf_log_frontend.o
 .text.nrf_log_backend_add
                0x0000000000001284       0x70 Output/hts221_sensor_pca10056 Debug/Obj/nrf_log_frontend.o
                0x0000000000001284                nrf_log_backend_add
 .text.nrf_log_panic
                0x00000000000012f4       0x3c Output/hts221_sensor_pca10056 Debug/Obj/nrf_log_frontend.o
                0x00000000000012f4                nrf_log_panic
 .text.timestamp_print
                0x0000000000001330        0xc Output/hts221_sensor_pca10056 Debug/Obj/nrf_log_str_formatter.o
 .text.prefix_process
                0x000000000000133c       0xb0 Output/hts221_sensor_pca10056 Debug/Obj/nrf_log_str_formatter.o
 .text.postfix_process
                0x00000000000013ec       0x60 Output/hts221_sensor_pca10056 Debug/Obj/nrf_log_str_formatter.o
 .text.nrf_log_std_entry_process
                0x000000000000144c      0x144 Output/hts221_sensor_pca10056 Debug/Obj/nrf_log_str_formatter.o
                0x000000000000144c                nrf_log_std_entry_process
 .text.nrf_log_hexdump_entry_process
                0x0000000000001590       0xf0 Output/hts221_sensor_pca10056 Debug/Obj/nrf_log_str_formatter.o
                0x0000000000001590                nrf_log_hexdump_entry_process
 .text.app_error_save_and_stop
                0x0000000000001680       0x98 Output/hts221_sensor_pca10056 Debug/Obj/app_error.o
                0x0000000000001680                app_error_save_and_stop
 .text.app_error_handler
                0x0000000000001718       0x1c Output/hts221_sensor_pca10056 Debug/Obj/app_error_handler_gcc.o
                0x0000000000001718                app_error_handler
 .text.app_error_fault_handler
                0x0000000000001734      0x104 Output/hts221_sensor_pca10056 Debug/Obj/app_error_weak.o
                0x0000000000001734                app_error_fault_handler
 .text.app_util_disable_irq
                0x0000000000001838       0x18 Output/hts221_sensor_pca10056 Debug/Obj/app_util_platform.o
                0x0000000000001838                app_util_disable_irq
 .text.app_util_enable_irq
                0x0000000000001850       0x20 Output/hts221_sensor_pca10056 Debug/Obj/app_util_platform.o
                0x0000000000001850                app_util_enable_irq
 .text.app_util_critical_region_enter
                0x0000000000001870       0x28 Output/hts221_sensor_pca10056 Debug/Obj/app_util_platform.o
                0x0000000000001870                app_util_critical_region_enter
 .text.app_util_critical_region_exit
                0x0000000000001898       0x2c Output/hts221_sensor_pca10056 Debug/Obj/app_util_platform.o
                0x0000000000001898                app_util_critical_region_exit
 .text.privilege_level_get
                0x00000000000018c4       0x3a Output/hts221_sensor_pca10056 Debug/Obj/app_util_platform.o
                0x00000000000018c4                privilege_level_get
 .text.assert_nrf_callback
                0x00000000000018fe       0x2c Output/hts221_sensor_pca10056 Debug/Obj/nrf_assert.o
                0x00000000000018fe                assert_nrf_callback
 .text.nrf_atomic_u32_fetch_store
                0x000000000000192a       0x2e Output/hts221_sensor_pca10056 Debug/Obj/nrf_atomic.o
                0x000000000000192a                nrf_atomic_u32_fetch_store
 .text.nrf_atomic_u32_or
                0x0000000000001958       0x30 Output/hts221_sensor_pca10056 Debug/Obj/nrf_atomic.o
                0x0000000000001958                nrf_atomic_u32_or
 .text.nrf_atomic_u32_fetch_and
                0x0000000000001988       0x30 Output/hts221_sensor_pca10056 Debug/Obj/nrf_atomic.o
                0x0000000000001988                nrf_atomic_u32_fetch_and
 .text.nrf_atomic_u32_add
                0x00000000000019b8       0x30 Output/hts221_sensor_pca10056 Debug/Obj/nrf_atomic.o
                0x00000000000019b8                nrf_atomic_u32_add
 .text.nrf_atomic_u32_sub
                0x00000000000019e8       0x30 Output/hts221_sensor_pca10056 Debug/Obj/nrf_atomic.o
                0x00000000000019e8                nrf_atomic_u32_sub
 .text.nrf_atomic_flag_set
                0x0000000000001a18       0x18 Output/hts221_sensor_pca10056 Debug/Obj/nrf_atomic.o
                0x0000000000001a18                nrf_atomic_flag_set
 .text.nrf_atomic_flag_clear_fetch
                0x0000000000001a30       0x18 Output/hts221_sensor_pca10056 Debug/Obj/nrf_atomic.o
                0x0000000000001a30                nrf_atomic_flag_clear_fetch
 .text.nrf_balloc_idx2block
                0x0000000000001a48       0x38 Output/hts221_sensor_pca10056 Debug/Obj/nrf_balloc.o
 .text.nrf_balloc_block2idx
                0x0000000000001a80       0x34 Output/hts221_sensor_pca10056 Debug/Obj/nrf_balloc.o
 .text.nrf_balloc_init
                0x0000000000001ab4       0xb8 Output/hts221_sensor_pca10056 Debug/Obj/nrf_balloc.o
                0x0000000000001ab4                nrf_balloc_init
 .text.nrf_balloc_alloc
                0x0000000000001b6c       0x84 Output/hts221_sensor_pca10056 Debug/Obj/nrf_balloc.o
                0x0000000000001b6c                nrf_balloc_alloc
 .text.nrf_balloc_free
                0x0000000000001bf0       0x58 Output/hts221_sensor_pca10056 Debug/Obj/nrf_balloc.o
                0x0000000000001bf0                nrf_balloc_free
 .text.nrf_fprintf_buffer_flush
                0x0000000000001c48       0x44 Output/hts221_sensor_pca10056 Debug/Obj/nrf_fprintf.o
                0x0000000000001c48                nrf_fprintf_buffer_flush
 .text.nrf_fprintf
                0x0000000000001c8c       0x74 Output/hts221_sensor_pca10056 Debug/Obj/nrf_fprintf.o
                0x0000000000001c8c                nrf_fprintf
 .text.buffer_add
                0x0000000000001d00       0x4c Output/hts221_sensor_pca10056 Debug/Obj/nrf_fprintf_format.o
 .text.string_print
                0x0000000000001d4c       0xc2 Output/hts221_sensor_pca10056 Debug/Obj/nrf_fprintf_format.o
 *fill*         0x0000000000001e0e        0x2 
 .text.unsigned_print
                0x0000000000001e10      0x130 Output/hts221_sensor_pca10056 Debug/Obj/nrf_fprintf_format.o
 .text.int_print
                0x0000000000001f40      0x11c Output/hts221_sensor_pca10056 Debug/Obj/nrf_fprintf_format.o
 .text.nrf_fprintf_fmt
                0x000000000000205c      0x388 Output/hts221_sensor_pca10056 Debug/Obj/nrf_fprintf_format.o
                0x000000000000205c                nrf_fprintf_fmt
 .text.nrf_memobj_pool_init
                0x00000000000023e4       0x16 Output/hts221_sensor_pca10056 Debug/Obj/nrf_memobj.o
                0x00000000000023e4                nrf_memobj_pool_init
 .text.nrf_memobj_alloc
                0x00000000000023fa       0xae Output/hts221_sensor_pca10056 Debug/Obj/nrf_memobj.o
                0x00000000000023fa                nrf_memobj_alloc
 .text.nrf_memobj_free
                0x00000000000024a8       0x74 Output/hts221_sensor_pca10056 Debug/Obj/nrf_memobj.o
                0x00000000000024a8                nrf_memobj_free
 .text.nrf_memobj_get
                0x000000000000251c       0x1e Output/hts221_sensor_pca10056 Debug/Obj/nrf_memobj.o
                0x000000000000251c                nrf_memobj_get
 .text.nrf_memobj_put
                0x000000000000253a       0x34 Output/hts221_sensor_pca10056 Debug/Obj/nrf_memobj.o
                0x000000000000253a                nrf_memobj_put
 *fill*         0x000000000000256e        0x2 
 .text.memobj_op
                0x0000000000002570      0x124 Output/hts221_sensor_pca10056 Debug/Obj/nrf_memobj.o
 .text.nrf_memobj_write
                0x0000000000002694       0x3c Output/hts221_sensor_pca10056 Debug/Obj/nrf_memobj.o
                0x0000000000002694                nrf_memobj_write
 .text.nrf_memobj_read
                0x00000000000026d0       0x40 Output/hts221_sensor_pca10056 Debug/Obj/nrf_memobj.o
                0x00000000000026d0                nrf_memobj_read
 .text.nrf_ringbuf_init
                0x0000000000002710       0x3a Output/hts221_sensor_pca10056 Debug/Obj/nrf_ringbuf.o
                0x0000000000002710                nrf_ringbuf_init
 *fill*         0x000000000000274a        0x2 
 .text.nrf_strerror_get
                0x000000000000274c       0x28 Output/hts221_sensor_pca10056 Debug/Obj/nrf_strerror.o
                0x000000000000274c                nrf_strerror_get
 .text.nrf_strerror_find
                0x0000000000002774       0x68 Output/hts221_sensor_pca10056 Debug/Obj/nrf_strerror.o
                0x0000000000002774                nrf_strerror_find
 .text.nrfx_coredep_delay_us
                0x00000000000027dc       0x30 Output/hts221_sensor_pca10056 Debug/Obj/nrf_drv_twi.o
 .text.nrf_gpio_pin_port_decode
                0x000000000000280c       0x4c Output/hts221_sensor_pca10056 Debug/Obj/nrf_drv_twi.o
 .text.nrf_gpio_pin_set
                0x0000000000002858       0x28 Output/hts221_sensor_pca10056 Debug/Obj/nrf_drv_twi.o
 .text.nrf_gpio_pin_clear
                0x0000000000002880       0x28 Output/hts221_sensor_pca10056 Debug/Obj/nrf_drv_twi.o
 .text.nrf_gpio_pin_read
                0x00000000000028a8       0x2a Output/hts221_sensor_pca10056 Debug/Obj/nrf_drv_twi.o
 .text.nrf_gpio_port_in_read
                0x00000000000028d2       0x10 Output/hts221_sensor_pca10056 Debug/Obj/nrf_drv_twi.o
 .text.nrf_gpio_port_out_set
                0x00000000000028e2       0x14 Output/hts221_sensor_pca10056 Debug/Obj/nrf_drv_twi.o
 .text.nrf_gpio_port_out_clear
                0x00000000000028f6       0x14 Output/hts221_sensor_pca10056 Debug/Obj/nrf_drv_twi.o
 .text.nrf_gpio_pin_present_check
                0x000000000000290a       0x50 Output/hts221_sensor_pca10056 Debug/Obj/nrf_drv_twi.o
 .text.twi_clear_bus
                0x000000000000295a       0xde Output/hts221_sensor_pca10056 Debug/Obj/nrf_drv_twi.o
 .text.twim_evt_handler
                0x0000000000002a38       0x6c Output/hts221_sensor_pca10056 Debug/Obj/nrf_drv_twi.o
 .text.nrf_drv_twi_init
                0x0000000000002aa4       0x68 Output/hts221_sensor_pca10056 Debug/Obj/nrf_drv_twi.o
                0x0000000000002aa4                nrf_drv_twi_init
 .text.uarte_evt_handler
                0x0000000000002b0c       0x50 Output/hts221_sensor_pca10056 Debug/Obj/nrf_drv_uart.o
 .text.uart_evt_handler
                0x0000000000002b5c       0x50 Output/hts221_sensor_pca10056 Debug/Obj/nrf_drv_uart.o
 .text.nrf_drv_uart_init
                0x0000000000002bac       0xdc Output/hts221_sensor_pca10056 Debug/Obj/nrf_drv_uart.o
                0x0000000000002bac                nrf_drv_uart_init
 .text.UARTE0_UART0_IRQHandler
                0x0000000000002c88       0x24 Output/hts221_sensor_pca10056 Debug/Obj/nrfx_prs.o
                0x0000000000002c88                UARTE0_UART0_IRQHandler
 .text.prs_box_get
                0x0000000000002cac       0x20 Output/hts221_sensor_pca10056 Debug/Obj/nrfx_prs.o
 .text.nrfx_prs_acquire
                0x0000000000002ccc       0x74 Output/hts221_sensor_pca10056 Debug/Obj/nrfx_prs.o
                0x0000000000002ccc                nrfx_prs_acquire
 .text.nrfx_prs_release
                0x0000000000002d40       0x3c Output/hts221_sensor_pca10056 Debug/Obj/nrfx_prs.o
                0x0000000000002d40                nrfx_prs_release
 .text.__NVIC_EnableIRQ
                0x0000000000002d7c       0x34 Output/hts221_sensor_pca10056 Debug/Obj/nrfx_twim.o
 .text.__NVIC_ClearPendingIRQ
                0x0000000000002db0       0x38 Output/hts221_sensor_pca10056 Debug/Obj/nrfx_twim.o
 .text.__NVIC_SetPriority
                0x0000000000002de8       0x50 Output/hts221_sensor_pca10056 Debug/Obj/nrfx_twim.o
 .text.nrfx_is_in_ram
                0x0000000000002e38       0x1c Output/hts221_sensor_pca10056 Debug/Obj/nrfx_twim.o
 .text.nrfx_get_irq_number
                0x0000000000002e54       0x10 Output/hts221_sensor_pca10056 Debug/Obj/nrfx_twim.o
 .text._NRFX_IRQ_PRIORITY_SET
                0x0000000000002e64       0x40 Output/hts221_sensor_pca10056 Debug/Obj/nrfx_twim.o
 .text._NRFX_IRQ_ENABLE
                0x0000000000002ea4       0x1c Output/hts221_sensor_pca10056 Debug/Obj/nrfx_twim.o
 .text._NRFX_IRQ_PENDING_CLEAR
                0x0000000000002ec0       0x1c Output/hts221_sensor_pca10056 Debug/Obj/nrfx_twim.o
 .text.nrf_twim_task_trigger
                0x0000000000002edc       0x1c Output/hts221_sensor_pca10056 Debug/Obj/nrfx_twim.o
 .text.nrf_twim_event_clear
                0x0000000000002ef8       0x2a Output/hts221_sensor_pca10056 Debug/Obj/nrfx_twim.o
 .text.nrf_twim_event_check
                0x0000000000002f22       0x24 Output/hts221_sensor_pca10056 Debug/Obj/nrfx_twim.o
 .text.nrf_twim_int_enable
                0x0000000000002f46       0x14 Output/hts221_sensor_pca10056 Debug/Obj/nrfx_twim.o
 .text.nrf_twim_int_disable
                0x0000000000002f5a       0x14 Output/hts221_sensor_pca10056 Debug/Obj/nrfx_twim.o
 .text.nrf_twim_enable
                0x0000000000002f6e       0x12 Output/hts221_sensor_pca10056 Debug/Obj/nrfx_twim.o
 .text.nrf_twim_disable
                0x0000000000002f80       0x12 Output/hts221_sensor_pca10056 Debug/Obj/nrfx_twim.o
 .text.nrf_twim_pins_set
                0x0000000000002f92       0x1e Output/hts221_sensor_pca10056 Debug/Obj/nrfx_twim.o
 .text.nrf_twim_frequency_set
                0x0000000000002fb0       0x14 Output/hts221_sensor_pca10056 Debug/Obj/nrfx_twim.o
 .text.nrf_twim_errorsrc_get_and_clear
                0x0000000000002fc4       0x1c Output/hts221_sensor_pca10056 Debug/Obj/nrfx_twim.o
 .text.nrf_twim_address_set
                0x0000000000002fe0       0x1a Output/hts221_sensor_pca10056 Debug/Obj/nrfx_twim.o
 .text.nrf_twim_tx_buffer_set
                0x0000000000002ffa       0x1e Output/hts221_sensor_pca10056 Debug/Obj/nrfx_twim.o
 .text.nrf_twim_rx_buffer_set
                0x0000000000003018       0x1e Output/hts221_sensor_pca10056 Debug/Obj/nrfx_twim.o
 .text.nrf_twim_shorts_set
                0x0000000000003036       0x14 Output/hts221_sensor_pca10056 Debug/Obj/nrfx_twim.o
 .text.nrf_twim_txd_amount_get
                0x000000000000304a       0x10 Output/hts221_sensor_pca10056 Debug/Obj/nrfx_twim.o
 .text.nrf_twim_shorts_get
                0x000000000000305a       0x10 Output/hts221_sensor_pca10056 Debug/Obj/nrfx_twim.o
 .text.nrf_twim_rxd_amount_get
                0x000000000000306a       0x10 Output/hts221_sensor_pca10056 Debug/Obj/nrfx_twim.o
 .text.nrf_twim_tx_list_enable
                0x000000000000307a       0x12 Output/hts221_sensor_pca10056 Debug/Obj/nrfx_twim.o
 .text.nrf_twim_tx_list_disable
                0x000000000000308c       0x12 Output/hts221_sensor_pca10056 Debug/Obj/nrfx_twim.o
 .text.nrf_twim_rx_list_enable
                0x000000000000309e       0x12 Output/hts221_sensor_pca10056 Debug/Obj/nrfx_twim.o
 .text.nrf_twim_rx_list_disable
                0x00000000000030b0       0x12 Output/hts221_sensor_pca10056 Debug/Obj/nrfx_twim.o
 *fill*         0x00000000000030c2        0x2 
 .text.nrf_gpio_pin_port_decode
                0x00000000000030c4       0x4c Output/hts221_sensor_pca10056 Debug/Obj/nrfx_twim.o
 .text.nrf_gpio_cfg
                0x0000000000003110       0x62 Output/hts221_sensor_pca10056 Debug/Obj/nrfx_twim.o
 .text.nrf_gpio_pin_present_check
                0x0000000000003172       0x50 Output/hts221_sensor_pca10056 Debug/Obj/nrfx_twim.o
 .text.twi_process_error
                0x00000000000031c2       0x40 Output/hts221_sensor_pca10056 Debug/Obj/nrfx_twim.o
 *fill*         0x0000000000003202        0x2 
 .text.xfer_completeness_check
                0x0000000000003204       0xfc Output/hts221_sensor_pca10056 Debug/Obj/nrfx_twim.o
 .text.nrfx_twim_init
                0x0000000000003300      0x148 Output/hts221_sensor_pca10056 Debug/Obj/nrfx_twim.o
                0x0000000000003300                nrfx_twim_init
 .text.nrfx_twim_enable
                0x0000000000003448       0x50 Output/hts221_sensor_pca10056 Debug/Obj/nrfx_twim.o
                0x0000000000003448                nrfx_twim_enable
 .text.twim_list_enable_handle
                0x0000000000003498       0x40 Output/hts221_sensor_pca10056 Debug/Obj/nrfx_twim.o
 .text.twim_xfer
                0x00000000000034d8      0x440 Output/hts221_sensor_pca10056 Debug/Obj/nrfx_twim.o
 .text.nrfx_twim_xfer
                0x0000000000003918       0x9c Output/hts221_sensor_pca10056 Debug/Obj/nrfx_twim.o
                0x0000000000003918                nrfx_twim_xfer
 .text.nrfx_twim_tx
                0x00000000000039b4       0x50 Output/hts221_sensor_pca10056 Debug/Obj/nrfx_twim.o
                0x00000000000039b4                nrfx_twim_tx
 .text.nrfx_twim_rx
                0x0000000000003a04       0x44 Output/hts221_sensor_pca10056 Debug/Obj/nrfx_twim.o
                0x0000000000003a04                nrfx_twim_rx
 .text.twim_irq_handler
                0x0000000000003a48      0x2a4 Output/hts221_sensor_pca10056 Debug/Obj/nrfx_twim.o
 .text.SPIM0_SPIS0_TWIM0_TWIS0_SPI0_TWI0_IRQHandler
                0x0000000000003cec       0x18 Output/hts221_sensor_pca10056 Debug/Obj/nrfx_twim.o
                0x0000000000003cec                SPIM0_SPIS0_TWIM0_TWIS0_SPI0_TWI0_IRQHandler
 .text.__NVIC_EnableIRQ
                0x0000000000003d04       0x34 Output/hts221_sensor_pca10056 Debug/Obj/nrfx_uart.o
 .text.__NVIC_DisableIRQ
                0x0000000000003d38       0x44 Output/hts221_sensor_pca10056 Debug/Obj/nrfx_uart.o
 .text.__NVIC_SetPriority
                0x0000000000003d7c       0x50 Output/hts221_sensor_pca10056 Debug/Obj/nrfx_uart.o
 .text.nrfx_get_irq_number
                0x0000000000003dcc       0x10 Output/hts221_sensor_pca10056 Debug/Obj/nrfx_uart.o
 .text._NRFX_IRQ_PRIORITY_SET
                0x0000000000003ddc       0x40 Output/hts221_sensor_pca10056 Debug/Obj/nrfx_uart.o
 .text._NRFX_IRQ_ENABLE
                0x0000000000003e1c       0x1c Output/hts221_sensor_pca10056 Debug/Obj/nrfx_uart.o
 .text._NRFX_IRQ_DISABLE
                0x0000000000003e38       0x1c Output/hts221_sensor_pca10056 Debug/Obj/nrfx_uart.o
 .text.nrf_uart_event_clear
                0x0000000000003e54       0x2a Output/hts221_sensor_pca10056 Debug/Obj/nrfx_uart.o
 .text.nrf_uart_event_check
                0x0000000000003e7e       0x24 Output/hts221_sensor_pca10056 Debug/Obj/nrfx_uart.o
 .text.nrf_uart_int_enable
                0x0000000000003ea2       0x14 Output/hts221_sensor_pca10056 Debug/Obj/nrfx_uart.o
 .text.nrf_uart_int_enable_check
                0x0000000000003eb6       0x20 Output/hts221_sensor_pca10056 Debug/Obj/nrfx_uart.o
 .text.nrf_uart_int_disable
                0x0000000000003ed6       0x14 Output/hts221_sensor_pca10056 Debug/Obj/nrfx_uart.o
 .text.nrf_uart_errorsrc_get_and_clear
                0x0000000000003eea       0x1c Output/hts221_sensor_pca10056 Debug/Obj/nrfx_uart.o
 .text.nrf_uart_enable
                0x0000000000003f06       0x12 Output/hts221_sensor_pca10056 Debug/Obj/nrfx_uart.o
 .text.nrf_uart_disable
                0x0000000000003f18       0x12 Output/hts221_sensor_pca10056 Debug/Obj/nrfx_uart.o
 .text.nrf_uart_txrx_pins_set
                0x0000000000003f2a       0x1e Output/hts221_sensor_pca10056 Debug/Obj/nrfx_uart.o
 .text.nrf_uart_txrx_pins_disconnect
                0x0000000000003f48       0x1c Output/hts221_sensor_pca10056 Debug/Obj/nrfx_uart.o
 .text.nrf_uart_tx_pin_get
                0x0000000000003f64       0x10 Output/hts221_sensor_pca10056 Debug/Obj/nrfx_uart.o
 .text.nrf_uart_rx_pin_get
                0x0000000000003f74       0x10 Output/hts221_sensor_pca10056 Debug/Obj/nrfx_uart.o
 .text.nrf_uart_rts_pin_get
                0x0000000000003f84       0x10 Output/hts221_sensor_pca10056 Debug/Obj/nrfx_uart.o
 .text.nrf_uart_cts_pin_get
                0x0000000000003f94       0x10 Output/hts221_sensor_pca10056 Debug/Obj/nrfx_uart.o
 .text.nrf_uart_hwfc_pins_set
                0x0000000000003fa4       0x1e Output/hts221_sensor_pca10056 Debug/Obj/nrfx_uart.o
 .text.nrf_uart_hwfc_pins_disconnect
                0x0000000000003fc2       0x1c Output/hts221_sensor_pca10056 Debug/Obj/nrfx_uart.o
 .text.nrf_uart_rxd_get
                0x0000000000003fde       0x12 Output/hts221_sensor_pca10056 Debug/Obj/nrfx_uart.o
 .text.nrf_uart_txd_set
                0x0000000000003ff0       0x1a Output/hts221_sensor_pca10056 Debug/Obj/nrfx_uart.o
 .text.nrf_uart_task_trigger
                0x000000000000400a       0x1c Output/hts221_sensor_pca10056 Debug/Obj/nrfx_uart.o
 .text.nrf_uart_configure
                0x0000000000004026       0x2a Output/hts221_sensor_pca10056 Debug/Obj/nrfx_uart.o
 .text.nrf_uart_baudrate_set
                0x0000000000004050       0x14 Output/hts221_sensor_pca10056 Debug/Obj/nrfx_uart.o
 .text.nrf_gpio_pin_port_decode
                0x0000000000004064       0x4c Output/hts221_sensor_pca10056 Debug/Obj/nrfx_uart.o
 .text.nrf_gpio_cfg
                0x00000000000040b0       0x62 Output/hts221_sensor_pca10056 Debug/Obj/nrfx_uart.o
 .text.nrf_gpio_cfg_output
                0x0000000000004112       0x22 Output/hts221_sensor_pca10056 Debug/Obj/nrfx_uart.o
 .text.nrf_gpio_cfg_input
                0x0000000000004134       0x2a Output/hts221_sensor_pca10056 Debug/Obj/nrfx_uart.o
 .text.nrf_gpio_cfg_default
                0x000000000000415e       0x22 Output/hts221_sensor_pca10056 Debug/Obj/nrfx_uart.o
 .text.nrf_gpio_pin_set
                0x0000000000004180       0x28 Output/hts221_sensor_pca10056 Debug/Obj/nrfx_uart.o
 .text.nrf_gpio_port_out_set
                0x00000000000041a8       0x14 Output/hts221_sensor_pca10056 Debug/Obj/nrfx_uart.o
 .text.nrf_gpio_pin_present_check
                0x00000000000041bc       0x50 Output/hts221_sensor_pca10056 Debug/Obj/nrfx_uart.o
 .text.apply_config
                0x000000000000420c       0xc6 Output/hts221_sensor_pca10056 Debug/Obj/nrfx_uart.o
 *fill*         0x00000000000042d2        0x2 
 .text.interrupts_enable
                0x00000000000042d4       0x6c Output/hts221_sensor_pca10056 Debug/Obj/nrfx_uart.o
 .text.interrupts_disable
                0x0000000000004340       0x30 Output/hts221_sensor_pca10056 Debug/Obj/nrfx_uart.o
 .text.pins_to_default
                0x0000000000004370       0x8a Output/hts221_sensor_pca10056 Debug/Obj/nrfx_uart.o
 *fill*         0x00000000000043fa        0x2 
 .text.nrfx_uart_init
                0x00000000000043fc       0xd4 Output/hts221_sensor_pca10056 Debug/Obj/nrfx_uart.o
                0x00000000000043fc                nrfx_uart_init
 .text.nrfx_uart_uninit
                0x00000000000044d0       0x5c Output/hts221_sensor_pca10056 Debug/Obj/nrfx_uart.o
                0x00000000000044d0                nrfx_uart_uninit
 .text.tx_byte  0x000000000000452c       0x40 Output/hts221_sensor_pca10056 Debug/Obj/nrfx_uart.o
 .text.tx_blocking
                0x000000000000456c       0x52 Output/hts221_sensor_pca10056 Debug/Obj/nrfx_uart.o
 *fill*         0x00000000000045be        0x2 
 .text.nrfx_uart_tx
                0x00000000000045c0      0x110 Output/hts221_sensor_pca10056 Debug/Obj/nrfx_uart.o
                0x00000000000045c0                nrfx_uart_tx
 .text.nrfx_uart_tx_in_progress
                0x00000000000046d0       0x2c Output/hts221_sensor_pca10056 Debug/Obj/nrfx_uart.o
                0x00000000000046d0                nrfx_uart_tx_in_progress
 .text.rx_byte  0x00000000000046fc       0x4e Output/hts221_sensor_pca10056 Debug/Obj/nrfx_uart.o
 .text.rx_done_event
                0x000000000000474a       0x2e Output/hts221_sensor_pca10056 Debug/Obj/nrfx_uart.o
 .text.tx_done_event
                0x0000000000004778       0x34 Output/hts221_sensor_pca10056 Debug/Obj/nrfx_uart.o
 .text.uart_irq_handler
                0x00000000000047ac      0x1de Output/hts221_sensor_pca10056 Debug/Obj/nrfx_uart.o
 *fill*         0x000000000000498a        0x2 
 .text.nrfx_uart_0_irq_handler
                0x000000000000498c       0x18 Output/hts221_sensor_pca10056 Debug/Obj/nrfx_uart.o
                0x000000000000498c                nrfx_uart_0_irq_handler
 .text.__NVIC_EnableIRQ
                0x00000000000049a4       0x34 Output/hts221_sensor_pca10056 Debug/Obj/nrfx_uarte.o
 .text.__NVIC_DisableIRQ
                0x00000000000049d8       0x44 Output/hts221_sensor_pca10056 Debug/Obj/nrfx_uarte.o
 .text.__NVIC_SetPriority
                0x0000000000004a1c       0x50 Output/hts221_sensor_pca10056 Debug/Obj/nrfx_uarte.o
 .text.nrfx_is_in_ram
                0x0000000000004a6c       0x1c Output/hts221_sensor_pca10056 Debug/Obj/nrfx_uarte.o
 .text.nrfx_get_irq_number
                0x0000000000004a88       0x10 Output/hts221_sensor_pca10056 Debug/Obj/nrfx_uarte.o
 .text._NRFX_IRQ_PRIORITY_SET
                0x0000000000004a98       0x40 Output/hts221_sensor_pca10056 Debug/Obj/nrfx_uarte.o
 .text._NRFX_IRQ_ENABLE
                0x0000000000004ad8       0x1c Output/hts221_sensor_pca10056 Debug/Obj/nrfx_uarte.o
 .text._NRFX_IRQ_DISABLE
                0x0000000000004af4       0x1c Output/hts221_sensor_pca10056 Debug/Obj/nrfx_uarte.o
 .text.nrf_uarte_event_clear
                0x0000000000004b10       0x2a Output/hts221_sensor_pca10056 Debug/Obj/nrfx_uarte.o
 .text.nrf_uarte_event_check
                0x0000000000004b3a       0x24 Output/hts221_sensor_pca10056 Debug/Obj/nrfx_uarte.o
 .text.nrf_uarte_shorts_disable
                0x0000000000004b5e       0x1e Output/hts221_sensor_pca10056 Debug/Obj/nrfx_uarte.o
 .text.nrf_uarte_int_enable
                0x0000000000004b7c       0x14 Output/hts221_sensor_pca10056 Debug/Obj/nrfx_uarte.o
 .text.nrf_uarte_int_disable
                0x0000000000004b90       0x14 Output/hts221_sensor_pca10056 Debug/Obj/nrfx_uarte.o
 .text.nrf_uarte_errorsrc_get_and_clear
                0x0000000000004ba4       0x1c Output/hts221_sensor_pca10056 Debug/Obj/nrfx_uarte.o
 .text.nrf_uarte_enable
                0x0000000000004bc0       0x12 Output/hts221_sensor_pca10056 Debug/Obj/nrfx_uarte.o
 .text.nrf_uarte_disable
                0x0000000000004bd2       0x12 Output/hts221_sensor_pca10056 Debug/Obj/nrfx_uarte.o
 .text.nrf_uarte_txrx_pins_set
                0x0000000000004be4       0x1e Output/hts221_sensor_pca10056 Debug/Obj/nrfx_uarte.o
 .text.nrf_uarte_txrx_pins_disconnect
                0x0000000000004c02       0x1c Output/hts221_sensor_pca10056 Debug/Obj/nrfx_uarte.o
 .text.nrf_uarte_tx_pin_get
                0x0000000000004c1e       0x10 Output/hts221_sensor_pca10056 Debug/Obj/nrfx_uarte.o
 .text.nrf_uarte_rx_pin_get
                0x0000000000004c2e       0x10 Output/hts221_sensor_pca10056 Debug/Obj/nrfx_uarte.o
 .text.nrf_uarte_rts_pin_get
                0x0000000000004c3e       0x10 Output/hts221_sensor_pca10056 Debug/Obj/nrfx_uarte.o
 .text.nrf_uarte_cts_pin_get
                0x0000000000004c4e       0x10 Output/hts221_sensor_pca10056 Debug/Obj/nrfx_uarte.o
 .text.nrf_uarte_hwfc_pins_set
                0x0000000000004c5e       0x1e Output/hts221_sensor_pca10056 Debug/Obj/nrfx_uarte.o
 .text.nrf_uarte_hwfc_pins_disconnect
                0x0000000000004c7c       0x1c Output/hts221_sensor_pca10056 Debug/Obj/nrfx_uarte.o
 .text.nrf_uarte_task_trigger
                0x0000000000004c98       0x1c Output/hts221_sensor_pca10056 Debug/Obj/nrfx_uarte.o
 .text.nrf_uarte_configure
                0x0000000000004cb4       0x2a Output/hts221_sensor_pca10056 Debug/Obj/nrfx_uarte.o
 .text.nrf_uarte_baudrate_set
                0x0000000000004cde       0x14 Output/hts221_sensor_pca10056 Debug/Obj/nrfx_uarte.o
 .text.nrf_uarte_tx_buffer_set
                0x0000000000004cf2       0x1e Output/hts221_sensor_pca10056 Debug/Obj/nrfx_uarte.o
 .text.nrf_uarte_tx_amount_get
                0x0000000000004d10       0x10 Output/hts221_sensor_pca10056 Debug/Obj/nrfx_uarte.o
 .text.nrf_uarte_rx_amount_get
                0x0000000000004d20       0x10 Output/hts221_sensor_pca10056 Debug/Obj/nrfx_uarte.o
 .text.nrf_gpio_pin_port_decode
                0x0000000000004d30       0x4c Output/hts221_sensor_pca10056 Debug/Obj/nrfx_uarte.o
 .text.nrf_gpio_cfg
                0x0000000000004d7c       0x62 Output/hts221_sensor_pca10056 Debug/Obj/nrfx_uarte.o
 .text.nrf_gpio_cfg_output
                0x0000000000004dde       0x22 Output/hts221_sensor_pca10056 Debug/Obj/nrfx_uarte.o
 .text.nrf_gpio_cfg_input
                0x0000000000004e00       0x2a Output/hts221_sensor_pca10056 Debug/Obj/nrfx_uarte.o
 .text.nrf_gpio_cfg_default
                0x0000000000004e2a       0x22 Output/hts221_sensor_pca10056 Debug/Obj/nrfx_uarte.o
 .text.nrf_gpio_pin_set
                0x0000000000004e4c       0x28 Output/hts221_sensor_pca10056 Debug/Obj/nrfx_uarte.o
 .text.nrf_gpio_port_out_set
                0x0000000000004e74       0x14 Output/hts221_sensor_pca10056 Debug/Obj/nrfx_uarte.o
 .text.nrf_gpio_pin_present_check
                0x0000000000004e88       0x50 Output/hts221_sensor_pca10056 Debug/Obj/nrfx_uarte.o
 .text.apply_config
                0x0000000000004ed8       0xc6 Output/hts221_sensor_pca10056 Debug/Obj/nrfx_uarte.o
 *fill*         0x0000000000004f9e        0x2 
 .text.interrupts_enable
                0x0000000000004fa0       0x98 Output/hts221_sensor_pca10056 Debug/Obj/nrfx_uarte.o
 .text.interrupts_disable
                0x0000000000005038       0x30 Output/hts221_sensor_pca10056 Debug/Obj/nrfx_uarte.o
 .text.pins_to_default
                0x0000000000005068       0x8a Output/hts221_sensor_pca10056 Debug/Obj/nrfx_uarte.o
 *fill*         0x00000000000050f2        0x2 
 .text.nrfx_uarte_init
                0x00000000000050f4       0xcc Output/hts221_sensor_pca10056 Debug/Obj/nrfx_uarte.o
                0x00000000000050f4                nrfx_uarte_init
 .text.nrfx_uarte_uninit
                0x00000000000051c0       0xc4 Output/hts221_sensor_pca10056 Debug/Obj/nrfx_uarte.o
                0x00000000000051c0                nrfx_uarte_uninit
 .text.nrfx_uarte_tx
                0x0000000000005284      0x180 Output/hts221_sensor_pca10056 Debug/Obj/nrfx_uarte.o
                0x0000000000005284                nrfx_uarte_tx
 .text.nrfx_uarte_tx_in_progress
                0x0000000000005404       0x30 Output/hts221_sensor_pca10056 Debug/Obj/nrfx_uarte.o
                0x0000000000005404                nrfx_uarte_tx_in_progress
 .text.rx_done_event
                0x0000000000005434       0x2e Output/hts221_sensor_pca10056 Debug/Obj/nrfx_uarte.o
 .text.tx_done_event
                0x0000000000005462       0x34 Output/hts221_sensor_pca10056 Debug/Obj/nrfx_uarte.o
 .text.uarte_irq_handler
                0x0000000000005496      0x18c Output/hts221_sensor_pca10056 Debug/Obj/nrfx_uarte.o
 *fill*         0x0000000000005622        0x2 
 .text.nrfx_uarte_0_irq_handler
                0x0000000000005624       0x18 Output/hts221_sensor_pca10056 Debug/Obj/nrfx_uarte.o
                0x0000000000005624                nrfx_uarte_0_irq_handler
 .text.nrfx_coredep_delay_us
                0x000000000000563c       0x30 Output/hts221_sensor_pca10056 Debug/Obj/main.o
 .text.nrf_drv_twi_enable
                0x000000000000566c       0x18 Output/hts221_sensor_pca10056 Debug/Obj/main.o
 .text.nrf_drv_twi_tx
                0x0000000000005684       0x40 Output/hts221_sensor_pca10056 Debug/Obj/main.o
 .text.nrf_drv_twi_rx
                0x00000000000056c4       0x38 Output/hts221_sensor_pca10056 Debug/Obj/main.o
 .text.nrf_delay_ms
                0x00000000000056fc       0x2a Output/hts221_sensor_pca10056 Debug/Obj/main.o
 *fill*         0x0000000000005726        0x2 
 .text.set_ODR  0x0000000000005728       0x90 Output/hts221_sensor_pca10056 Debug/Obj/main.o
                0x0000000000005728                set_ODR
 .text.set_inactive
                0x00000000000057b8       0x60 Output/hts221_sensor_pca10056 Debug/Obj/main.o
                0x00000000000057b8                set_inactive
 .text.HTS221_set_mode
                0x0000000000005818       0x60 Output/hts221_sensor_pca10056 Debug/Obj/main.o
                0x0000000000005818                HTS221_set_mode
 .text.HTS221_oneshot
                0x0000000000005878       0x64 Output/hts221_sensor_pca10056 Debug/Obj/main.o
                0x0000000000005878                HTS221_oneshot
 .text.id_handler
                0x00000000000058dc       0x38 Output/hts221_sensor_pca10056 Debug/Obj/main.o
 .text.reg1_handler
                0x0000000000005914       0x38 Output/hts221_sensor_pca10056 Debug/Obj/main.o
 .text.temperature_handler
                0x000000000000594c       0x54 Output/hts221_sensor_pca10056 Debug/Obj/main.o
 .text.humidity_handler
                0x00000000000059a0       0x54 Output/hts221_sensor_pca10056 Debug/Obj/main.o
 .text.twonine_handler
                0x00000000000059f4       0x38 Output/hts221_sensor_pca10056 Debug/Obj/main.o
 .text.twob_handler
                0x0000000000005a2c       0x38 Output/hts221_sensor_pca10056 Debug/Obj/main.o
 .text.calibration_handler
                0x0000000000005a64       0xdc Output/hts221_sensor_pca10056 Debug/Obj/main.o
 .text.status_handler
                0x0000000000005b40       0x64 Output/hts221_sensor_pca10056 Debug/Obj/main.o
 .text.twi_handler
                0x0000000000005ba4       0xc8 Output/hts221_sensor_pca10056 Debug/Obj/main.o
                0x0000000000005ba4                twi_handler
 .text.twi_init
                0x0000000000005c6c       0xd8 Output/hts221_sensor_pca10056 Debug/Obj/main.o
                0x0000000000005c6c                twi_init
 .text.read_temp
                0x0000000000005d44       0x90 Output/hts221_sensor_pca10056 Debug/Obj/main.o
 .text.calc_temp
                0x0000000000005dd4      0x26c Output/hts221_sensor_pca10056 Debug/Obj/main.o
 .text.read_hum
                0x0000000000006040       0x90 Output/hts221_sensor_pca10056 Debug/Obj/main.o
 .text.calc_hum
                0x00000000000060d0      0x16c Output/hts221_sensor_pca10056 Debug/Obj/main.o
 .text.read_sensor_id
                0x000000000000623c       0x90 Output/hts221_sensor_pca10056 Debug/Obj/main.o
 .text.read_ctrl_reg1
                0x00000000000062cc       0x90 Output/hts221_sensor_pca10056 Debug/Obj/main.o
 .text.read_stat
                0x000000000000635c       0x90 Output/hts221_sensor_pca10056 Debug/Obj/main.o
 .text.read_29  0x00000000000063ec       0x90 Output/hts221_sensor_pca10056 Debug/Obj/main.o
 .text.read_2B  0x000000000000647c       0x90 Output/hts221_sensor_pca10056 Debug/Obj/main.o
 .text.main     0x000000000000650c      0x1ec Output/hts221_sensor_pca10056 Debug/Obj/main.o
                0x000000000000650c                main
 .text.__NVIC_SystemReset
                0x00000000000066f8       0x28 Output/hts221_sensor_pca10056 Debug/Obj/system_nrf52840.o
 .text.nrf52_errata_36
                0x0000000000006720       0x78 Output/hts221_sensor_pca10056 Debug/Obj/system_nrf52840.o
 .text.nrf52_errata_66
                0x0000000000006798       0x78 Output/hts221_sensor_pca10056 Debug/Obj/system_nrf52840.o
 .text.nrf52_errata_98
                0x0000000000006810       0x50 Output/hts221_sensor_pca10056 Debug/Obj/system_nrf52840.o
 .text.nrf52_errata_103
                0x0000000000006860       0x50 Output/hts221_sensor_pca10056 Debug/Obj/system_nrf52840.o
 .text.nrf52_errata_115
                0x00000000000068b0       0x50 Output/hts221_sensor_pca10056 Debug/Obj/system_nrf52840.o
 .text.nrf52_errata_120
                0x0000000000006900       0x50 Output/hts221_sensor_pca10056 Debug/Obj/system_nrf52840.o
 .text.nrf52_errata_136
                0x0000000000006950       0x78 Output/hts221_sensor_pca10056 Debug/Obj/system_nrf52840.o
 .text.SystemCoreClockUpdate
                0x00000000000069c8       0x14 Output/hts221_sensor_pca10056 Debug/Obj/system_nrf52840.o
                0x00000000000069c8                SystemCoreClockUpdate
 .text.SystemInit
                0x00000000000069dc      0x254 Output/hts221_sensor_pca10056 Debug/Obj/system_nrf52840.o
                0x00000000000069dc                SystemInit
 .text.__aeabi_dadd
                0x0000000000006c30      0x244 C:/Program Files/SEGGER/SEGGER Embedded Studio for ARM 4.52c/lib/libm_v7em_fpv4_sp_d16_hard_t_le_eabi.a(libm_asm.o)
                0x0000000000006c30                __aeabi_dadd
 .text.__aeabi_dmul
                0x0000000000006e74      0x138 C:/Program Files/SEGGER/SEGGER Embedded Studio for ARM 4.52c/lib/libm_v7em_fpv4_sp_d16_hard_t_le_eabi.a(libm_asm.o)
                0x0000000000006e74                __aeabi_dmul
 .text.__aeabi_ddiv
                0x0000000000006fac      0x1cc C:/Program Files/SEGGER/SEGGER Embedded Studio for ARM 4.52c/lib/libm_v7em_fpv4_sp_d16_hard_t_le_eabi.a(libm_asm.o)
                0x0000000000006fac                __aeabi_ddiv
 .text.__aeabi_f2d
                0x0000000000007178       0x34 C:/Program Files/SEGGER/SEGGER Embedded Studio for ARM 4.52c/lib/libm_v7em_fpv4_sp_d16_hard_t_le_eabi.a(libm_asm.o)
                0x0000000000007178                __aeabi_f2d
 .text.__aeabi_d2f
                0x00000000000071ac       0x54 C:/Program Files/SEGGER/SEGGER Embedded Studio for ARM 4.52c/lib/libm_v7em_fpv4_sp_d16_hard_t_le_eabi.a(libm_asm.o)
                0x00000000000071ac                __aeabi_d2f
 .text.libc.__RAL_ascii_isctype
                0x0000000000007200       0x1c C:/Program Files/SEGGER/SEGGER Embedded Studio for ARM 4.52c/lib/libc_v7em_fpv4_sp_d16_hard_t_le_eabi.a(libc2.o)
 .text.libc.__RAL_ascii_toupper
                0x000000000000721c        0xc C:/Program Files/SEGGER/SEGGER Embedded Studio for ARM 4.52c/lib/libc_v7em_fpv4_sp_d16_hard_t_le_eabi.a(libc2.o)
 .text.libc.__RAL_ascii_tolower
                0x0000000000007228        0xc C:/Program Files/SEGGER/SEGGER Embedded Studio for ARM 4.52c/lib/libc_v7em_fpv4_sp_d16_hard_t_le_eabi.a(libc2.o)
 .text.libc.__RAL_ascii_iswctype
                0x0000000000007234       0x1c C:/Program Files/SEGGER/SEGGER Embedded Studio for ARM 4.52c/lib/libc_v7em_fpv4_sp_d16_hard_t_le_eabi.a(libc2.o)
 .text.libc.__RAL_ascii_towupper
                0x0000000000007250        0xc C:/Program Files/SEGGER/SEGGER Embedded Studio for ARM 4.52c/lib/libc_v7em_fpv4_sp_d16_hard_t_le_eabi.a(libc2.o)
 .text.libc.__RAL_ascii_towlower
                0x000000000000725c        0xc C:/Program Files/SEGGER/SEGGER Embedded Studio for ARM 4.52c/lib/libc_v7em_fpv4_sp_d16_hard_t_le_eabi.a(libc2.o)
 .text.libc.__RAL_ascii_wctomb
                0x0000000000007268        0xe C:/Program Files/SEGGER/SEGGER Embedded Studio for ARM 4.52c/lib/libc_v7em_fpv4_sp_d16_hard_t_le_eabi.a(libc2.o)
                0x0000000000007268                __RAL_ascii_wctomb
 .text.libc.__RAL_ascii_mbtowc
                0x0000000000007276       0x24 C:/Program Files/SEGGER/SEGGER Embedded Studio for ARM 4.52c/lib/libc_v7em_fpv4_sp_d16_hard_t_le_eabi.a(libc2.o)
                0x0000000000007276                __RAL_ascii_mbtowc
 *fill*         0x000000000000729a        0x2 
 .text.libc.__RAL_isctype
                0x000000000000729c       0x14 C:/Program Files/SEGGER/SEGGER Embedded Studio for ARM 4.52c/lib/libc_v7em_fpv4_sp_d16_hard_t_le_eabi.a(libc2.o)
                0x000000000000729c                __RAL_isctype
 .text.libc.isprint
                0x00000000000072b0        0xa C:/Program Files/SEGGER/SEGGER Embedded Studio for ARM 4.52c/lib/libc_v7em_fpv4_sp_d16_hard_t_le_eabi.a(libc2.o)
                0x00000000000072b0                isprint
 .text.libc.memcpy
                0x00000000000072ba       0x52 C:/Program Files/SEGGER/SEGGER Embedded Studio for ARM 4.52c/lib/libc_v7em_fpv4_sp_d16_hard_t_le_eabi.a(libc2_asm.o)
                0x00000000000072ba                __aeabi_memcpy
                0x00000000000072ba                memcpy
                0x00000000000072c6                __aeabi_memcpy8
                0x00000000000072c6                __aeabi_memcpy4
 .text.libc.strlen
                0x000000000000730c       0x60 C:/Program Files/SEGGER/SEGGER Embedded Studio for ARM 4.52c/lib/libc_v7em_fpv4_sp_d16_hard_t_le_eabi.a(libc2_asm.o)
                0x000000000000730c                strlen
                0x000000000000736c                __text_end__ = (__text_start__ + SIZEOF (.text))
                0x0000000000006f9c                __text_size__ = SIZEOF (.text)
                0x000000000000736c                __text_load_end__ = __text_end__

.vfp11_veneer   0x0000000100000000        0x0
 .vfp11_veneer  0x0000000100000000        0x0 linker stubs

.v4_bx          0x0000000100000000        0x0
 .v4_bx         0x0000000100000000        0x0 linker stubs

.iplt           0x0000000100000000        0x0
 .iplt          0x0000000100000000        0x0 Output/hts221_sensor_pca10056 Debug/Obj/thumb_crt0.o
                0x0000000000000001                . = ASSERT (((__text_start__ == __text_end__) || ((__text_end__ - __FLASH_segment_start__) <= __FLASH_segment_size__)), error: .text is too large to fit in FLASH memory segment)
                0x000000000000736c                __log_const_data_load_start__ = ALIGN (__text_end__, 0x4)

.log_const_data
                0x000000000000736c       0x28
                0x000000000000736c                __log_const_data_start__ = .
                0x000000000000736c                __start_log_const_data = __log_const_data_start__
 *(SORT_BY_NAME(.log_const_data*))
 .log_const_data_PRS
                0x000000000000736c        0x8 Output/hts221_sensor_pca10056 Debug/Obj/nrfx_prs.o
                0x000000000000736c                m_nrf_log_PRS_logs_data_const
 .log_const_data_TWIM
                0x0000000000007374        0x8 Output/hts221_sensor_pca10056 Debug/Obj/nrfx_twim.o
                0x0000000000007374                m_nrf_log_TWIM_logs_data_const
 .log_const_data_UART
                0x000000000000737c        0x8 Output/hts221_sensor_pca10056 Debug/Obj/nrfx_uart.o
                0x000000000000737c                m_nrf_log_UART_logs_data_const
 .log_const_data_UARTE
                0x0000000000007384        0x8 Output/hts221_sensor_pca10056 Debug/Obj/nrfx_uarte.o
                0x0000000000007384                m_nrf_log_UARTE_logs_data_const
 .log_const_data_app
                0x000000000000738c        0x8 Output/hts221_sensor_pca10056 Debug/Obj/nrf_log_frontend.o
                0x000000000000738c                m_nrf_log_app_logs_data_const
                0x0000000000007394                __log_const_data_end__ = (__log_const_data_start__ + SIZEOF (.log_const_data))
                0x0000000000000028                __log_const_data_size__ = SIZEOF (.log_const_data)
                0x0000000000007394                __stop_log_const_data = __log_const_data_end__
                0x0000000000007394                __log_const_data_load_end__ = __log_const_data_end__
                0x0000000000000001                . = ASSERT (((__log_const_data_start__ == __log_const_data_end__) || ((__log_const_data_end__ - __FLASH_segment_start__) <= __FLASH_segment_size__)), error: .log_const_data is too large to fit in FLASH memory segment)
                0x0000000000007394                __log_backends_load_start__ = ALIGN (__log_const_data_end__, 0x4)

.log_backends   0x0000000000007394       0x10
                0x0000000000007394                __log_backends_start__ = .
                0x0000000000007394                __start_log_backends = __log_backends_start__
 *(SORT_BY_NAME(.log_backends*))
 .log_backends  0x0000000000007394       0x10 Output/hts221_sensor_pca10056 Debug/Obj/nrf_log_default_backends.o
                0x00000000000073a4                __log_backends_end__ = (__log_backends_start__ + SIZEOF (.log_backends))
                0x0000000000000010                __log_backends_size__ = SIZEOF (.log_backends)
                0x00000000000073a4                __stop_log_backends = __log_backends_end__
                0x00000000000073a4                __log_backends_load_end__ = __log_backends_end__
                0x0000000000000001                . = ASSERT (((__log_backends_start__ == __log_backends_end__) || ((__log_backends_end__ - __FLASH_segment_start__) <= __FLASH_segment_size__)), error: .log_backends is too large to fit in FLASH memory segment)
                0x00000000000073a4                __nrf_balloc_load_start__ = ALIGN (__log_backends_end__, 0x4)

.nrf_balloc     0x00000000000073a4       0x14
                0x00000000000073a4                __nrf_balloc_start__ = .
                0x00000000000073a4                __start_nrf_balloc = __nrf_balloc_start__
 *(.nrf_balloc*)
 .nrf_balloc    0x00000000000073a4       0x14 Output/hts221_sensor_pca10056 Debug/Obj/nrf_log_frontend.o
                0x00000000000073a4                log_mempool
                0x00000000000073b8                __nrf_balloc_end__ = (__nrf_balloc_start__ + SIZEOF (.nrf_balloc))
                0x0000000000000014                __nrf_balloc_size__ = SIZEOF (.nrf_balloc)
                0x00000000000073b8                __stop_nrf_balloc = __nrf_balloc_end__
                0x00000000000073b8                __nrf_balloc_load_end__ = __nrf_balloc_end__
                0x0000000000000001                . = ASSERT (((__nrf_balloc_start__ == __nrf_balloc_end__) || ((__nrf_balloc_end__ - __FLASH_segment_start__) <= __FLASH_segment_size__)), error: .nrf_balloc is too large to fit in FLASH memory segment)
                0x00000000000073b8                __nrf_sections_load_start__ = ALIGN (__nrf_balloc_end__, 0x4)

.nrf_sections   0x00000000000073b8        0x0
                0x00000000000073b8                __nrf_sections_start__ = .
                0x00000000000073b8                __start_nrf_sections = __nrf_sections_start__
 *(.nrf_sections .nrf_sections.*)
                0x00000000000073b8                __nrf_sections_end__ = (__nrf_sections_start__ + SIZEOF (.nrf_sections))
                0x0000000000000000                __nrf_sections_size__ = SIZEOF (.nrf_sections)
                0x00000000000073b8                __nrf_sections_load_end__ = __nrf_sections_end__
                0x0000000000000001                . = ASSERT (((__nrf_sections_start__ == __nrf_sections_end__) || ((__nrf_sections_end__ - __FLASH_segment_start__) <= __FLASH_segment_size__)), error: .nrf_sections is too large to fit in FLASH memory segment)
                0x00000000000073b8                __log_dynamic_data_load_start__ = ALIGN (__nrf_sections_end__, 0x4)

.log_dynamic_data
                0x0000000020000000        0x0 load address 0x00000000000073b8
                0x0000000020000000                __log_dynamic_data_start__ = .
 *(SORT_BY_NAME(.log_dynamic_data*))
                0x0000000020000000                __log_dynamic_data_end__ = (__log_dynamic_data_start__ + SIZEOF (.log_dynamic_data))
                0x0000000000000000                __log_dynamic_data_size__ = SIZEOF (.log_dynamic_data)
                0x00000000000073b8                __log_dynamic_data_load_end__ = (__log_dynamic_data_load_start__ + SIZEOF (.log_dynamic_data))
                0x0000000000000001                . = ASSERT (((__log_dynamic_data_load_start__ == __log_dynamic_data_load_end__) || ((__log_dynamic_data_load_end__ - __FLASH_segment_start__) <= __FLASH_segment_size__)), error: .log_dynamic_data is too large to fit in FLASH memory segment)

.log_dynamic_data_run
                0x0000000020000000        0x0
                0x0000000020000000                __log_dynamic_data_run_start__ = .
                0x0000000020000000                __start_log_dynamic_data = __log_dynamic_data_run_start__
                0x0000000020000000                . = MAX ((__log_dynamic_data_run_start__ + SIZEOF (.log_dynamic_data)), .)
                0x0000000020000000                __log_dynamic_data_run_end__ = (__log_dynamic_data_run_start__ + SIZEOF (.log_dynamic_data_run))
                0x0000000000000000                __log_dynamic_data_run_size__ = SIZEOF (.log_dynamic_data_run)
                0x0000000020000000                __stop_log_dynamic_data = __log_dynamic_data_run_end__
                0x0000000020000000                __log_dynamic_data_run_load_end__ = __log_dynamic_data_run_end__
                0x0000000000000001                . = ASSERT (((__log_dynamic_data_run_start__ == __log_dynamic_data_run_end__) || ((__log_dynamic_data_run_end__ - __RAM_segment_start__) <= __RAM_segment_size__)), error: .log_dynamic_data_run is too large to fit in RAM memory segment)
                0x00000000000073b8                __log_filter_data_load_start__ = ALIGN ((__log_dynamic_data_load_start__ + SIZEOF (.log_dynamic_data)), 0x4)

.log_filter_data
                0x0000000020000000        0x0 load address 0x00000000000073b8
                0x0000000020000000                __log_filter_data_start__ = .
 *(SORT_BY_NAME(.log_filter_data*))
                0x0000000020000000                __log_filter_data_end__ = (__log_filter_data_start__ + SIZEOF (.log_filter_data))
                0x0000000000000000                __log_filter_data_size__ = SIZEOF (.log_filter_data)
                0x00000000000073b8                __log_filter_data_load_end__ = (__log_filter_data_load_start__ + SIZEOF (.log_filter_data))
                0x0000000000000001                . = ASSERT (((__log_filter_data_load_start__ == __log_filter_data_load_end__) || ((__log_filter_data_load_end__ - __FLASH_segment_start__) <= __FLASH_segment_size__)), error: .log_filter_data is too large to fit in FLASH memory segment)

.log_filter_data_run
                0x0000000020000000        0x0
                0x0000000020000000                __log_filter_data_run_start__ = .
                0x0000000020000000                __start_log_filter_data = __log_filter_data_run_start__
                0x0000000020000000                . = MAX ((__log_filter_data_run_start__ + SIZEOF (.log_filter_data)), .)
                0x0000000020000000                __log_filter_data_run_end__ = (__log_filter_data_run_start__ + SIZEOF (.log_filter_data_run))
                0x0000000000000000                __log_filter_data_run_size__ = SIZEOF (.log_filter_data_run)
                0x0000000020000000                __stop_log_filter_data = __log_filter_data_run_end__
                0x0000000020000000                __log_filter_data_run_load_end__ = __log_filter_data_run_end__
                0x0000000000000001                . = ASSERT (((__log_filter_data_run_start__ == __log_filter_data_run_end__) || ((__log_filter_data_run_end__ - __RAM_segment_start__) <= __RAM_segment_size__)), error: .log_filter_data_run is too large to fit in RAM memory segment)
                0x0000000020000000                __nrf_sections_run_end_load_start__ = ALIGN (__log_filter_data_run_end__, 0x4)

.nrf_sections_run_end
                0x0000000020000000        0x0
                0x0000000020000000                __nrf_sections_run_end_start__ = .
                0x0000000020000000                __end_nrf_sections_run = __nrf_sections_run_end_start__
 *(.nrf_sections_run_end .nrf_sections_run_end.*)
                0x0000000020000000                __nrf_sections_run_end_end__ = (__nrf_sections_run_end_start__ + SIZEOF (.nrf_sections_run_end))
                0x0000000000000000                __nrf_sections_run_end_size__ = SIZEOF (.nrf_sections_run_end)
                0x0000000020000000                __nrf_sections_run_end_load_end__ = __nrf_sections_run_end_end__
                0x0000000000000001                . = ASSERT (((__nrf_sections_run_end_start__ == __nrf_sections_run_end_end__) || ((__nrf_sections_run_end_end__ - __RAM_segment_start__) <= __RAM_segment_size__)), error: .nrf_sections_run_end is too large to fit in RAM memory segment)
                0x00000000000073b8                __dtors_load_start__ = ALIGN ((__log_filter_data_load_start__ + SIZEOF (.log_filter_data)), 0x4)

.dtors          0x00000000000073b8        0x0
                0x00000000000073b8                __dtors_start__ = .
 *(SORT_BY_NAME(.dtors.*))
 *(.dtors)
 *(.fini_array)
 *(SORT_BY_NAME(.fini_array.*))
                0x00000000000073b8                __dtors_end__ = (__dtors_start__ + SIZEOF (.dtors))
                0x0000000000000000                __dtors_size__ = SIZEOF (.dtors)
                0x00000000000073b8                __dtors_load_end__ = __dtors_end__
                0x0000000000000001                . = ASSERT (((__dtors_start__ == __dtors_end__) || ((__dtors_end__ - __FLASH_segment_start__) <= __FLASH_segment_size__)), error: .dtors is too large to fit in FLASH memory segment)
                0x00000000000073b8                __ctors_load_start__ = ALIGN (__dtors_end__, 0x4)

.ctors          0x00000000000073b8        0x0
                0x00000000000073b8                __ctors_start__ = .
 *(SORT_BY_NAME(.ctors.*))
 *(.ctors)
 *(.init_array)
 *(SORT_BY_NAME(.init_array.*))
                0x00000000000073b8                __ctors_end__ = (__ctors_start__ + SIZEOF (.ctors))
                0x0000000000000000                __ctors_size__ = SIZEOF (.ctors)
                0x00000000000073b8                __ctors_load_end__ = __ctors_end__
                0x0000000000000001                . = ASSERT (((__ctors_start__ == __ctors_end__) || ((__ctors_end__ - __FLASH_segment_start__) <= __FLASH_segment_size__)), error: .ctors is too large to fit in FLASH memory segment)
                0x00000000000073b8                __rodata_load_start__ = ALIGN (__ctors_end__, 0x4)

.rodata         0x00000000000073b8     0x107e
                0x00000000000073b8                __rodata_start__ = .
 *(.rodata .rodata.* .gnu.linkonce.r.*)
 .rodata        0x00000000000073b8       0x84 Output/hts221_sensor_pca10056 Debug/Obj/nrf_log_backend_uart.o
 .rodata.nrf_log_backend_uart_api
                0x000000000000743c        0xc Output/hts221_sensor_pca10056 Debug/Obj/nrf_log_backend_uart.o
                0x000000000000743c                nrf_log_backend_uart_api
 .rodata        0x0000000000007448       0x79 Output/hts221_sensor_pca10056 Debug/Obj/nrf_log_default_backends.o
 *fill*         0x00000000000074c1        0x3 
 .rodata.m_log_push_ringbuf
                0x00000000000074c4        0xc Output/hts221_sensor_pca10056 Debug/Obj/nrf_log_frontend.o
 .rodata        0x00000000000074d0       0x75 Output/hts221_sensor_pca10056 Debug/Obj/nrf_log_frontend.o
 *fill*         0x0000000000007545        0x3 
 .rodata        0x0000000000007548       0xaa Output/hts221_sensor_pca10056 Debug/Obj/nrf_log_str_formatter.o
 *fill*         0x00000000000075f2        0x2 
 .rodata        0x00000000000075f4       0x70 Output/hts221_sensor_pca10056 Debug/Obj/app_error_weak.o
 .rodata        0x0000000000007664       0x5b Output/hts221_sensor_pca10056 Debug/Obj/app_util_platform.o
 *fill*         0x00000000000076bf        0x1 
 .rodata        0x00000000000076c0       0x56 Output/hts221_sensor_pca10056 Debug/Obj/nrf_balloc.o
 *fill*         0x0000000000007716        0x2 
 .rodata        0x0000000000007718       0x4c Output/hts221_sensor_pca10056 Debug/Obj/nrf_fprintf.o
 .rodata        0x0000000000007764       0x53 Output/hts221_sensor_pca10056 Debug/Obj/nrf_fprintf_format.o
 *fill*         0x00000000000077b7        0x1 
 .rodata._aV2C.7884
                0x00000000000077b8       0x10 Output/hts221_sensor_pca10056 Debug/Obj/nrf_fprintf_format.o
 .rodata        0x00000000000077c8       0x56 Output/hts221_sensor_pca10056 Debug/Obj/nrf_memobj.o
 *fill*         0x000000000000781e        0x2 
 .rodata.m_unknown_str
                0x0000000000007820       0x13 Output/hts221_sensor_pca10056 Debug/Obj/nrf_strerror.o
 *fill*         0x0000000000007833        0x1 
 .rodata        0x0000000000007834      0x3bd Output/hts221_sensor_pca10056 Debug/Obj/nrf_strerror.o
 *fill*         0x0000000000007bf1        0x3 
 .rodata.nrf_strerror_array
                0x0000000000007bf4      0x118 Output/hts221_sensor_pca10056 Debug/Obj/nrf_strerror.o
 .rodata        0x0000000000007d0c       0x2e Output/hts221_sensor_pca10056 Debug/Obj/nrf_drv_twi.o
 *fill*         0x0000000000007d3a        0x6 
 .rodata.delay_machine_code.7956
                0x0000000000007d40        0x6 Output/hts221_sensor_pca10056 Debug/Obj/nrf_drv_twi.o
 *fill*         0x0000000000007d46        0x2 
 .rodata        0x0000000000007d48       0x54 Output/hts221_sensor_pca10056 Debug/Obj/nrf_drv_uart.o
 .rodata        0x0000000000007d9c       0x59 Output/hts221_sensor_pca10056 Debug/Obj/nrfx_prs.o
 *fill*         0x0000000000007df5        0x3 
 .rodata        0x0000000000007df8       0xba Output/hts221_sensor_pca10056 Debug/Obj/nrfx_twim.o
 *fill*         0x0000000000007eb2        0x2 
 .rodata.irq_handlers.8940
                0x0000000000007eb4        0x4 Output/hts221_sensor_pca10056 Debug/Obj/nrfx_twim.o
 .rodata        0x0000000000007eb8       0xba Output/hts221_sensor_pca10056 Debug/Obj/nrfx_uart.o
 *fill*         0x0000000000007f72        0x2 
 .rodata.irq_handlers.8925
                0x0000000000007f74        0x4 Output/hts221_sensor_pca10056 Debug/Obj/nrfx_uart.o
 .rodata        0x0000000000007f78       0xbb Output/hts221_sensor_pca10056 Debug/Obj/nrfx_uarte.o
 *fill*         0x0000000000008033        0x1 
 .rodata.irq_handlers.8967
                0x0000000000008034        0x4 Output/hts221_sensor_pca10056 Debug/Obj/nrfx_uarte.o
 .rodata.m_twi  0x0000000000008038       0x10 Output/hts221_sensor_pca10056 Debug/Obj/main.o
 .rodata        0x0000000000008048      0x19d Output/hts221_sensor_pca10056 Debug/Obj/main.o
 *fill*         0x00000000000081e5        0xb 
 .rodata.delay_machine_code.7956
                0x00000000000081f0        0x6 Output/hts221_sensor_pca10056 Debug/Obj/main.o
 *fill*         0x00000000000081f6        0x2 
 .rodata.libc.__RAL_find_locale.str1.4
                0x00000000000081f8        0xa C:/Program Files/SEGGER/SEGGER Embedded Studio for ARM 4.52c/lib/libc_v7em_fpv4_sp_d16_hard_t_le_eabi.a(libc2.o)
 *fill*         0x0000000000008202        0x2 
 .rodata.libc.__RAL_ascii_ctype_map
                0x0000000000008204       0x80 C:/Program Files/SEGGER/SEGGER Embedded Studio for ARM 4.52c/lib/libc_v7em_fpv4_sp_d16_hard_t_le_eabi.a(libc2.o)
                0x0000000000008204                __RAL_ascii_ctype_map
 .rodata.libc.__RAL_ascii_ctype_mask
                0x0000000000008284        0xd C:/Program Files/SEGGER/SEGGER Embedded Studio for ARM 4.52c/lib/libc_v7em_fpv4_sp_d16_hard_t_le_eabi.a(libc2.o)
 *fill*         0x0000000000008291        0x3 
 .rodata.libc.__RAL_c_locale
                0x0000000000008294        0xc C:/Program Files/SEGGER/SEGGER Embedded Studio for ARM 4.52c/lib/libc_v7em_fpv4_sp_d16_hard_t_le_eabi.a(libc2.o)
                0x0000000000008294                __RAL_c_locale
 .rodata.libc.__RAL_c_locale_abbrev_day_names
                0x00000000000082a0       0x1d C:/Program Files/SEGGER/SEGGER Embedded Studio for ARM 4.52c/lib/libc_v7em_fpv4_sp_d16_hard_t_le_eabi.a(libc2.o)
                0x00000000000082a0                __RAL_c_locale_abbrev_day_names
 *fill*         0x00000000000082bd        0x3 
 .rodata.libc.__RAL_c_locale_abbrev_month_names
                0x00000000000082c0       0x31 C:/Program Files/SEGGER/SEGGER Embedded Studio for ARM 4.52c/lib/libc_v7em_fpv4_sp_d16_hard_t_le_eabi.a(libc2.o)
                0x00000000000082c0                __RAL_c_locale_abbrev_month_names
 *fill*         0x00000000000082f1        0x3 
 .rodata.libc.__RAL_c_locale_am_pm_indicator
                0x00000000000082f4        0x7 C:/Program Files/SEGGER/SEGGER Embedded Studio for ARM 4.52c/lib/libc_v7em_fpv4_sp_d16_hard_t_le_eabi.a(libc2.o)
                0x00000000000082f4                __RAL_c_locale_am_pm_indicator
 *fill*         0x00000000000082fb        0x1 
 .rodata.libc.__RAL_c_locale_data
                0x00000000000082fc       0x58 C:/Program Files/SEGGER/SEGGER Embedded Studio for ARM 4.52c/lib/libc_v7em_fpv4_sp_d16_hard_t_le_eabi.a(libc2.o)
                0x00000000000082fc                __RAL_c_locale_data
 .rodata.libc.__RAL_c_locale_date_format
                0x0000000000008354        0x9 C:/Program Files/SEGGER/SEGGER Embedded Studio for ARM 4.52c/lib/libc_v7em_fpv4_sp_d16_hard_t_le_eabi.a(libc2.o)
                0x0000000000008354                __RAL_c_locale_date_format
 *fill*         0x000000000000835d        0x3 
 .rodata.libc.__RAL_c_locale_date_time_format
                0x0000000000008360        0xf C:/Program Files/SEGGER/SEGGER Embedded Studio for ARM 4.52c/lib/libc_v7em_fpv4_sp_d16_hard_t_le_eabi.a(libc2.o)
                0x0000000000008360                __RAL_c_locale_date_time_format
 *fill*         0x000000000000836f        0x1 
 .rodata.libc.__RAL_c_locale_day_names
                0x0000000000008370       0x3a C:/Program Files/SEGGER/SEGGER Embedded Studio for ARM 4.52c/lib/libc_v7em_fpv4_sp_d16_hard_t_le_eabi.a(libc2.o)
                0x0000000000008370                __RAL_c_locale_day_names
 *fill*         0x00000000000083aa        0x2 
 .rodata.libc.__RAL_c_locale_month_names
                0x00000000000083ac       0x57 C:/Program Files/SEGGER/SEGGER Embedded Studio for ARM 4.52c/lib/libc_v7em_fpv4_sp_d16_hard_t_le_eabi.a(libc2.o)
                0x00000000000083ac                __RAL_c_locale_month_names
 *fill*         0x0000000000008403        0x1 
 .rodata.libc.__RAL_c_locale_time_format
                0x0000000000008404        0x9 C:/Program Files/SEGGER/SEGGER Embedded Studio for ARM 4.52c/lib/libc_v7em_fpv4_sp_d16_hard_t_le_eabi.a(libc2.o)
                0x0000000000008404                __RAL_c_locale_time_format
 *fill*         0x000000000000840d        0x3 
 .rodata.libc.__RAL_codeset_ascii
                0x0000000000008410       0x20 C:/Program Files/SEGGER/SEGGER Embedded Studio for ARM 4.52c/lib/libc_v7em_fpv4_sp_d16_hard_t_le_eabi.a(libc2.o)
                0x0000000000008410                __RAL_codeset_ascii
 .rodata.libc.__RAL_data_empty_string
                0x0000000000008430        0x1 C:/Program Files/SEGGER/SEGGER Embedded Studio for ARM 4.52c/lib/libc_v7em_fpv4_sp_d16_hard_t_le_eabi.a(libc2.o)
                0x0000000000008430                __RAL_data_empty_string
 *fill*         0x0000000000008431        0x3 
 .rodata.libc.__RAL_data_utf8_period
                0x0000000000008434        0x2 C:/Program Files/SEGGER/SEGGER Embedded Studio for ARM 4.52c/lib/libc_v7em_fpv4_sp_d16_hard_t_le_eabi.a(libc2.o)
                0x0000000000008434                __RAL_data_utf8_period
                0x0000000000008436                __rodata_end__ = (__rodata_start__ + SIZEOF (.rodata))
                0x000000000000107e                __rodata_size__ = SIZEOF (.rodata)
                0x0000000000008436                __rodata_load_end__ = __rodata_end__

.rel.dyn        0x0000000000008438        0x0
 .rel.iplt      0x0000000000008438        0x0 Output/hts221_sensor_pca10056 Debug/Obj/thumb_crt0.o
                0x0000000000000001                . = ASSERT (((__rodata_start__ == __rodata_end__) || ((__rodata_end__ - __FLASH_segment_start__) <= __FLASH_segment_size__)), error: .rodata is too large to fit in FLASH memory segment)
                0x0000000000008438                __ARM.exidx_load_start__ = ALIGN (__rodata_end__, 0x4)

.ARM.exidx      0x0000000000008438        0x0
                0x0000000000008438                __ARM.exidx_start__ = .
                0x0000000000008438                __exidx_start = __ARM.exidx_start__
 *(.ARM.exidx .ARM.exidx.*)
                0x0000000000008438                __ARM.exidx_end__ = (__ARM.exidx_start__ + SIZEOF (.ARM.exidx))
                0x0000000000000000                __ARM.exidx_size__ = SIZEOF (.ARM.exidx)
                0x0000000000008438                __exidx_end = __ARM.exidx_end__
                0x0000000000008438                __ARM.exidx_load_end__ = __ARM.exidx_end__
                0x0000000000000001                . = ASSERT (((__ARM.exidx_start__ == __ARM.exidx_end__) || ((__ARM.exidx_end__ - __FLASH_segment_start__) <= __FLASH_segment_size__)), error: .ARM.exidx is too large to fit in FLASH memory segment)
                0x0000000000008438                __fast_load_start__ = ALIGN (__ARM.exidx_end__, 0x4)

.fast           0x0000000020000000        0x0 load address 0x0000000000008438
                0x0000000020000000                __fast_start__ = .
 *(.fast .fast.*)
                0x0000000020000000                __fast_end__ = (__fast_start__ + SIZEOF (.fast))
                0x0000000000000000                __fast_size__ = SIZEOF (.fast)
                0x0000000000008438                __fast_load_end__ = (__fast_load_start__ + SIZEOF (.fast))
                0x0000000000000001                . = ASSERT (((__fast_load_start__ == __fast_load_end__) || ((__fast_load_end__ - __FLASH_segment_start__) <= __FLASH_segment_size__)), error: .fast is too large to fit in FLASH memory segment)

.fast_run       0x0000000020000000        0x0
                0x0000000020000000                __fast_run_start__ = .
                0x0000000020000000                . = MAX ((__fast_run_start__ + SIZEOF (.fast)), .)
                0x0000000020000000                __fast_run_end__ = (__fast_run_start__ + SIZEOF (.fast_run))
                0x0000000000000000                __fast_run_size__ = SIZEOF (.fast_run)
                0x0000000020000000                __fast_run_load_end__ = __fast_run_end__
                0x0000000000000001                . = ASSERT (((__fast_run_start__ == __fast_run_end__) || ((__fast_run_end__ - __RAM_segment_start__) <= __RAM_segment_size__)), error: .fast_run is too large to fit in RAM memory segment)
                0x0000000000008438                __data_load_start__ = ALIGN ((__fast_load_start__ + SIZEOF (.fast)), 0x4)

.data           0x0000000020000000       0x70 load address 0x0000000000008438
                0x0000000020000000                __data_start__ = .
 *(.data .data.* .gnu.linkonce.d.*)
 .data.m_uart   0x0000000020000000       0x14 Output/hts221_sensor_pca10056 Debug/Obj/nrf_log_backend_uart.o
                0x0000000020000000                m_uart
 .data.log_backend_cb_uart_log_backend
                0x0000000020000014        0x8 Output/hts221_sensor_pca10056 Debug/Obj/nrf_log_default_backends.o
 .data.m_buffer_mask
                0x000000002000001c        0x4 Output/hts221_sensor_pca10056 Debug/Obj/nrf_log_frontend.o
 .data.severity_names
                0x0000000020000020       0x14 Output/hts221_sensor_pca10056 Debug/Obj/nrf_log_str_formatter.o
 .data.m_colors
                0x0000000020000034       0x24 Output/hts221_sensor_pca10056 Debug/Obj/nrf_log_str_formatter.o
 .data.SystemCoreClock
                0x0000000020000058        0x4 Output/hts221_sensor_pca10056 Debug/Obj/system_nrf52840.o
                0x0000000020000058                SystemCoreClock
 .data.libc.__RAL_global_locale
                0x000000002000005c       0x14 C:/Program Files/SEGGER/SEGGER Embedded Studio for ARM 4.52c/lib/libc_v7em_fpv4_sp_d16_hard_t_le_eabi.a(libc2.o)
                0x000000002000005c                __RAL_global_locale
                0x0000000020000070                __data_end__ = (__data_start__ + SIZEOF (.data))
                0x0000000000000070                __data_size__ = SIZEOF (.data)
                0x00000000000084a8                __data_load_end__ = (__data_load_start__ + SIZEOF (.data))

.igot.plt       0x0000000100000000        0x0
 .igot.plt      0x0000000100000000        0x0 Output/hts221_sensor_pca10056 Debug/Obj/thumb_crt0.o
                0x0000000000000001                . = ASSERT (((__data_load_start__ == __data_load_end__) || ((__data_load_end__ - __FLASH_segment_start__) <= __FLASH_segment_size__)), error: .data is too large to fit in FLASH memory segment)

.data_run       0x0000000020000000       0x70 load address 0x0000000000008438
                0x0000000020000000                __data_run_start__ = .
                0x0000000020000070                . = MAX ((__data_run_start__ + SIZEOF (.data)), .)
 *fill*         0x0000000020000000       0x70 
                0x0000000020000070                __data_run_end__ = (__data_run_start__ + SIZEOF (.data_run))
                0x0000000000000070                __data_run_size__ = SIZEOF (.data_run)
                0x0000000020000070                __data_run_load_end__ = __data_run_end__
                0x0000000000000001                . = ASSERT (((__data_run_start__ == __data_run_end__) || ((__data_run_end__ - __RAM_segment_start__) <= __RAM_segment_size__)), error: .data_run is too large to fit in RAM memory segment)
                0x00000000000084a8                __tdata_load_start__ = ALIGN ((__data_load_start__ + SIZEOF (.data)), 0x4)

.tdata          0x0000000020000070        0x0 load address 0x00000000000084a8
                0x0000000020000070                __tdata_start__ = .
 *(.tdata .tdata.*)
                0x0000000020000070                __tdata_end__ = (__tdata_start__ + SIZEOF (.tdata))
                0x0000000000000000                __tdata_size__ = SIZEOF (.tdata)
                0x00000000000084a8                __tdata_load_end__ = (__tdata_load_start__ + SIZEOF (.tdata))
                0x00000000000084a8                __FLASH_segment_used_end__ = (ALIGN ((__data_load_start__ + SIZEOF (.data)), 0x4) + SIZEOF (.tdata))
                0x00000000000084a8                __FLASH_segment_used_size__ = (__FLASH_segment_used_end__ - __FLASH_segment_start__)
                0x0000000000000001                . = ASSERT (((__tdata_load_start__ == __tdata_load_end__) || ((__tdata_load_end__ - __FLASH_segment_start__) <= __FLASH_segment_size__)), error: .tdata is too large to fit in FLASH memory segment)

.tdata_run      0x0000000020000070        0x0
                0x0000000020000070                __tdata_run_start__ = .
                0x0000000020000070                . = MAX ((__tdata_run_start__ + SIZEOF (.tdata)), .)
                0x0000000020000070                __tdata_run_end__ = (__tdata_run_start__ + SIZEOF (.tdata_run))
                0x0000000000000000                __tdata_run_size__ = SIZEOF (.tdata_run)
                0x0000000020000070                __tdata_run_load_end__ = __tdata_run_end__
                0x0000000000000001                . = ASSERT (((__tdata_run_start__ == __tdata_run_end__) || ((__tdata_run_end__ - __RAM_segment_start__) <= __RAM_segment_size__)), error: .tdata_run is too large to fit in RAM memory segment)
                0x0000000020000070                __bss_load_start__ = ALIGN (__tdata_run_end__, 0x4)

.bss            0x0000000020000070      0x6e2
                0x0000000020000070                __bss_start__ = .
 *(.bss .bss.* .gnu.linkonce.b.*)
 .bss.m_string_buff
                0x0000000020000070       0x40 Output/hts221_sensor_pca10056 Debug/Obj/nrf_log_backend_uart.o
 .bss.m_xfer_done
                0x00000000200000b0        0x1 Output/hts221_sensor_pca10056 Debug/Obj/nrf_log_backend_uart.o
 .bss.m_async_mode
                0x00000000200000b1        0x1 Output/hts221_sensor_pca10056 Debug/Obj/nrf_log_backend_uart.o
 *fill*         0x00000000200000b2        0x2 
 .bss.log_mempool_nrf_balloc_pool_stack
                0x00000000200000b4        0x8 Output/hts221_sensor_pca10056 Debug/Obj/nrf_log_frontend.o
 .bss.log_mempool_nrf_balloc_pool_mem
                0x00000000200000bc       0xc0 Output/hts221_sensor_pca10056 Debug/Obj/nrf_log_frontend.o
 .bss.log_mempool_nrf_balloc_cb
                0x000000002000017c        0x8 Output/hts221_sensor_pca10056 Debug/Obj/nrf_log_frontend.o
 .bss.m_log_push_ringbuf_buf
                0x0000000020000184       0x80 Output/hts221_sensor_pca10056 Debug/Obj/nrf_log_frontend.o
 .bss.m_log_push_ringbuf_cb
                0x0000000020000204       0x18 Output/hts221_sensor_pca10056 Debug/Obj/nrf_log_frontend.o
 .bss.m_log_data
                0x000000002000021c      0x420 Output/hts221_sensor_pca10056 Debug/Obj/nrf_log_frontend.o
 .bss.m_error_data.7809
                0x000000002000063c       0x20 Output/hts221_sensor_pca10056 Debug/Obj/app_error.o
 .bss.m_in_critical_region
                0x000000002000065c        0x4 Output/hts221_sensor_pca10056 Debug/Obj/app_util_platform.o
 .bss.m_handlers
                0x0000000020000660        0x8 Output/hts221_sensor_pca10056 Debug/Obj/nrf_drv_twi.o
 .bss.m_contexts
                0x0000000020000668        0x8 Output/hts221_sensor_pca10056 Debug/Obj/nrf_drv_twi.o
 .bss.m_handlers
                0x0000000020000670        0x8 Output/hts221_sensor_pca10056 Debug/Obj/nrf_drv_uart.o
 .bss.m_contexts
                0x0000000020000678        0x8 Output/hts221_sensor_pca10056 Debug/Obj/nrf_drv_uart.o
 .bss.nrf_drv_uart_use_easy_dma
                0x0000000020000680        0x2 Output/hts221_sensor_pca10056 Debug/Obj/nrf_drv_uart.o
                0x0000000020000680                nrf_drv_uart_use_easy_dma
 *fill*         0x0000000020000682        0x2 
 .bss.m_prs_box_4
                0x0000000020000684        0x8 Output/hts221_sensor_pca10056 Debug/Obj/nrfx_prs.o
 .bss.m_cb      0x000000002000068c       0x34 Output/hts221_sensor_pca10056 Debug/Obj/nrfx_twim.o
 .bss.m_cb      0x00000000200006c0       0x2c Output/hts221_sensor_pca10056 Debug/Obj/nrfx_uart.o
 .bss.m_cb      0x00000000200006ec       0x24 Output/hts221_sensor_pca10056 Debug/Obj/nrfx_uarte.o
 .bss.m_xfer_done
                0x0000000020000710        0x1 Output/hts221_sensor_pca10056 Debug/Obj/main.o
 .bss.m_sample  0x0000000020000711        0x1 Output/hts221_sensor_pca10056 Debug/Obj/main.o
 *fill*         0x0000000020000712        0x2 
 .bss.reg       0x0000000020000714        0x1 Output/hts221_sensor_pca10056 Debug/Obj/main.o
                0x0000000020000714                reg
 *fill*         0x0000000020000715        0x3 
 .bss.raw_temp  0x0000000020000718        0x2 Output/hts221_sensor_pca10056 Debug/Obj/main.o
                0x0000000020000718                raw_temp
 .bss.T_Out     0x000000002000071a        0x2 Output/hts221_sensor_pca10056 Debug/Obj/main.o
                0x000000002000071a                T_Out
 .bss.tempFloat
                0x000000002000071c        0x4 Output/hts221_sensor_pca10056 Debug/Obj/main.o
                0x000000002000071c                tempFloat
 .bss.tempF     0x0000000020000720        0x4 Output/hts221_sensor_pca10056 Debug/Obj/main.o
                0x0000000020000720                tempF
 .bss.raw_hum   0x0000000020000724        0x2 Output/hts221_sensor_pca10056 Debug/Obj/main.o
                0x0000000020000724                raw_hum
 .bss.H_Out     0x0000000020000726        0x2 Output/hts221_sensor_pca10056 Debug/Obj/main.o
                0x0000000020000726                H_Out
 .bss.humFloat  0x0000000020000728        0x4 Output/hts221_sensor_pca10056 Debug/Obj/main.o
                0x0000000020000728                humFloat
 .bss.temperature_ready_flag
                0x000000002000072c        0x1 Output/hts221_sensor_pca10056 Debug/Obj/main.o
                0x000000002000072c                temperature_ready_flag
 .bss.humidity_ready_flag
                0x000000002000072d        0x1 Output/hts221_sensor_pca10056 Debug/Obj/main.o
                0x000000002000072d                humidity_ready_flag
 *fill*         0x000000002000072e        0x2 
 .bss.i3        0x0000000020000730        0x4 Output/hts221_sensor_pca10056 Debug/Obj/main.o
                0x0000000020000730                i3
 .bss.calibration_regs
                0x0000000020000734       0x10 Output/hts221_sensor_pca10056 Debug/Obj/main.o
                0x0000000020000734                calibration_regs
 .bss.m_hts221_cal
                0x0000000020000744        0xe Output/hts221_sensor_pca10056 Debug/Obj/main.o
                0x0000000020000744                m_hts221_cal
 *(COMMON)
                0x0000000020000752                __bss_end__ = (__bss_start__ + SIZEOF (.bss))
                0x00000000000006e2                __bss_size__ = SIZEOF (.bss)
                0x0000000020000752                __bss_load_end__ = __bss_end__
                0x0000000000000001                . = ASSERT (((__bss_start__ == __bss_end__) || ((__bss_end__ - __RAM_segment_start__) <= __RAM_segment_size__)), error: .bss is too large to fit in RAM memory segment)
                0x0000000020000754                __tbss_load_start__ = ALIGN (__bss_end__, 0x4)

.tbss           0x0000000020000754        0x0
                0x0000000020000754                __tbss_start__ = .
 *(.tbss .tbss.*)
                0x0000000020000754                __tbss_end__ = (__tbss_start__ + SIZEOF (.tbss))
                0x0000000000000000                __tbss_size__ = SIZEOF (.tbss)
                0x0000000020000754                __tbss_load_end__ = __tbss_end__
                0x0000000000000001                . = ASSERT (((__tbss_start__ == __tbss_end__) || ((__tbss_end__ - __RAM_segment_start__) <= __RAM_segment_size__)), error: .tbss is too large to fit in RAM memory segment)